 Modele_3D_sfun

 Timestamp is 679f4582 (Sun Feb  2 11:14:26 2025)

 Preferred load address is 0000000180000000

 Start         Length     Name                   Class
 0001:00000000 0005bec0H .text$mn                CODE
 0001:0005bec0 00000040H .text$mn$00             CODE
 0001:0005bf00 0000075eH .text$x                 CODE
 0002:00000000 00000600H .idata$5                DATA
 0002:00000600 00000028H .00cfg                  DATA
 0002:00000628 00000008H .CRT$XCA                DATA
 0002:00000630 00000008H .CRT$XCZ                DATA
 0002:00000638 00000008H .CRT$XIA                DATA
 0002:00000640 00000008H .CRT$XIZ                DATA
 0002:00000648 00000008H .CRT$XPA                DATA
 0002:00000650 00000008H .CRT$XPZ                DATA
 0002:00000658 00000008H .CRT$XTA                DATA
 0002:00000660 00000010H .CRT$XTZ                DATA
 0002:00000668 00000000H .gehcont$y              DATA
 0002:00000668 00000000H .gfids$y                DATA
 0002:00000670 00000510H .rdata                  DATA
 0002:00000b80 00000008H .rdata$CastGuardVftablesA DATA
 0002:00000b88 00000008H .rdata$CastGuardVftablesC DATA
 0002:00000b90 0000026cH .rdata$r                DATA
 0002:00000dfc 00000340H .rdata$voltmd           DATA
 0002:0000113c 000002c4H .rdata$zzzdbg           DATA
 0002:00001400 00000008H .rtc$IAA                DATA
 0002:00001408 00000008H .rtc$IZZ                DATA
 0002:00001410 00000008H .rtc$TAA                DATA
 0002:00001418 00000008H .rtc$TZZ                DATA
 0002:00001420 00002410H .xdata                  DATA
 0002:00003830 000000f0H .xdata$x                DATA
 0002:00003920 000002bcH .edata                  DATA
 0002:00003bdc 00000154H .idata$2                DATA
 0002:00003d30 00000018H .idata$3                DATA
 0002:00003d48 00000600H .idata$4                DATA
 0002:00004348 00001348H .idata$6                DATA
 0003:00000000 00013f38H .data                   DATA
 0003:00013f38 00000080H .data$r                 DATA
 0003:00013fb8 00000058H .data$rs                DATA
 0003:00014010 00000d90H .bss                    DATA
 0004:00000000 000025ecH .pdata                  DATA

  Address         Publics by Value              Rva+Base               Lib:Object

 0000:00000000       __dynamic_value_reloc_table 0000000000000000     <absolute>
 0000:00000000       ___safe_se_handler_count   0000000000000000     <absolute>
 0000:00000000       __arm64x_extra_rfe_table_size 0000000000000000     <absolute>
 0000:00000000       __guard_eh_cont_table      0000000000000000     <absolute>
 0000:00000000       __guard_fids_count         0000000000000000     <absolute>
 0000:00000000       __guard_iat_count          0000000000000000     <absolute>
 0000:00000000       __guard_iat_table          0000000000000000     <absolute>
 0000:00000000       __AbsoluteZero             0000000000000000     <absolute>
 0000:00000000       __arm64x_extra_rfe_table   0000000000000000     <absolute>
 0000:00000000       __arm64x_native_entrypoint 0000000000000000     <absolute>
 0000:00000000       __enclave_config           0000000000000000     <absolute>
 0000:00000000       __arm64x_redirection_metadata_count 0000000000000000     <absolute>
 0000:00000000       __x64_code_ranges_to_entry_points 0000000000000000     <absolute>
 0000:00000000       __hybrid_code_map          0000000000000000     <absolute>
 0000:00000000       __guard_check_icall_a64n_fptr 0000000000000000     <absolute>
 0000:00000000       __arm64x_redirection_metadata 0000000000000000     <absolute>
 0000:00000000       ___safe_se_handler_table   0000000000000000     <absolute>
 0000:00000000       __guard_longjmp_count      0000000000000000     <absolute>
 0000:00000000       __guard_eh_cont_count      0000000000000000     <absolute>
 0000:00000000       __guard_fids_table         0000000000000000     <absolute>
 0000:00000000       __hybrid_auxiliary_iat     0000000000000000     <absolute>
 0000:00000000       __x64_code_ranges_to_entry_points_count 0000000000000000     <absolute>
 0000:00000000       __hybrid_auxiliary_iat_copy 0000000000000000     <absolute>
 0000:00000000       __guard_longjmp_table      0000000000000000     <absolute>
 0000:00000000       __hybrid_code_map_count    0000000000000000     <absolute>
 0000:00000100       __guard_flags              0000000000000100     <absolute>
 0000:00000000       __ImageBase                0000000180000000     <linker-defined>
 0001:00000000       Modele_3D_initializer      0000000180001000 f   Modele_3D_sfun.obj
 0001:00000010       Modele_3D_terminator       0000000180001010 f   Modele_3D_sfun.obj
 0001:00000020       load_Modele_3D_optimization_info 0000000180001020 f   Modele_3D_sfun.obj
 0001:000000d0       unload_Modele_3D_optimization_info 00000001800010d0 f   Modele_3D_sfun.obj
 0001:00000100       sf_Modele_3D_method_dispatcher 0000000180001100 f   Modele_3D_sfun.obj
 0001:00000150       sf_Modele_3D_process_check_sum_call 0000000180001150 f   Modele_3D_sfun.obj
 0001:00000640       sf_Modele_3D_get_eml_resolved_functions_info 0000000180001640 f   Modele_3D_sfun.obj
 0001:00000820       sf_Modele_3D_third_party_uses_info 0000000180001820 f   Modele_3D_sfun.obj
 0001:000009f0       sf_Modele_3D_jit_fallback_info 00000001800019f0 f   Modele_3D_sfun.obj
 0001:00000bc0       sf_Modele_3D_get_post_codegen_info 0000000180001bc0 f   Modele_3D_sfun.obj
 0001:00000da0       sf_Modele_3D_updateBuildInfo_args_info 0000000180001da0 f   Modele_3D_sfun.obj
 0001:00000f60       sf_c2_Modele_3D_get_eml_resolved_functions_info 0000000180001f60 f   c2_Modele_3D.obj
 0001:00000fe0       sf_c2_Modele_3D_get_check_sum 0000000180001fe0 f   c2_Modele_3D.obj
 0001:000010b0       c2_Modele_3D_method_dispatcher 00000001800020b0 f   c2_Modele_3D.obj
 0001:000393b0       sf_c2_Modele_3D_third_party_uses_info 000000018003a3b0 f   c2_Modele_3D.obj
 0001:00039400       sf_c2_Modele_3D_jit_fallback_info 000000018003a400 f   c2_Modele_3D.obj
 0001:00039590       sf_c2_Modele_3D_updateBuildInfo_args_info 000000018003a590 f   c2_Modele_3D.obj
 0001:000398b0       sf_c2_Modele_3D_get_post_codegen_info 000000018003a8b0 f   c2_Modele_3D.obj
 0001:00039e40       mexFunction                000000018003ae40 f   Modele_3D_sfun_registry.obj
 0001:0003c710       _ssSetInputPortDirectFeedThroughFcn 000000018003d710 f   Modele_3D_sfun_registry.obj
 0001:0003c880       _ssSetRWorkValueFcn        000000018003d880 f   Modele_3D_sfun_registry.obj
 0001:0003c900       _ssGetRWorkValueFcn        000000018003d900 f   Modele_3D_sfun_registry.obj
 0001:0003c970       _ssSetIWorkValueFcn        000000018003d970 f   Modele_3D_sfun_registry.obj
 0001:0003c9f0       _ssGetIWorkValueFcn        000000018003d9f0 f   Modele_3D_sfun_registry.obj
 0001:0003ca60       _ssSetPWorkValueFcn        000000018003da60 f   Modele_3D_sfun_registry.obj
 0001:0003cae0       _ssGetPWorkValueFcn        000000018003dae0 f   Modele_3D_sfun_registry.obj
 0001:0003cb50       _ssGetInputPortSignalFcn   000000018003db50 f   Modele_3D_sfun_registry.obj
 0001:0003cee0       _ssGetInputPortBufferDstPortFcn 000000018003dee0 f   Modele_3D_sfun_registry.obj
 0001:0003cf60       _ssGetInputPortSignalPtrsFcn 000000018003df60 f   Modele_3D_sfun_registry.obj
 0001:0003d2f0       ssGetParameterTuningCompliance 000000018003e2f0 f   Modele_3D_sfun_registry.obj
 0001:0003d360       _ssReadInputStringFcn      000000018003e360 f   Modele_3D_sfun_registry.obj
 0001:0003d3d0       ssGetDTypeIdFromMxArray    000000018003e3d0 f   Modele_3D_sfun_registry.obj
 0001:0003d4f0       ssWriteRTWMx2dMatParam     000000018003e4f0 f   Modele_3D_sfun_registry.obj
 0001:0003d580       ssWriteRTWMxVectParam      000000018003e580 f   Modele_3D_sfun_registry.obj
 0001:0003d600       ssWriteRTWParameters       000000018003e600 f   Modele_3D_sfun_registry.obj
 0001:0003dbc0       ssWriteRTWParamSettings    000000018003ebc0 f   Modele_3D_sfun_registry.obj
 0001:0003e2b0       ssWriteRTWStr              000000018003f2b0 f   Modele_3D_sfun_registry.obj
 0001:0003e310       ssWriteRTWWorkVect         000000018003f310 f   Modele_3D_sfun_registry.obj
 0001:0003e870       ssWarning                  000000018003f870 f   Modele_3D_sfun_registry.obj
 0001:0003e960       ssGetRootSS                000000018003f960 f   Modele_3D_sfun_registry.obj
 0001:0003ea20       ssGetParentSS              000000018003fa20 f   Modele_3D_sfun_registry.obj
 0001:0003eae0       ssWriteRTWNameValuePair    000000018003fae0 f   Modele_3D_sfun_registry.obj
 0001:0003efe0       _ssSetInputPortMatrixDimensions 000000018003ffe0 f   Modele_3D_sfun_registry.obj
 0001:0003f130       _ssSetOutputPortMatrixDimensions 0000000180040130 f   Modele_3D_sfun_registry.obj
 0001:0003f280       _ssSetInputPortVectorDimension 0000000180040280 f   Modele_3D_sfun_registry.obj
 0001:0003f330       _ssSetOutputPortVectorDimension 0000000180040330 f   Modele_3D_sfun_registry.obj
 0001:0003f3e0       ssIsRunTimeParamTunable    00000001800403e0 f   Modele_3D_sfun_registry.obj
 0001:0003f450       ssGetSFuncBlockHandle      0000000180040450 f   Modele_3D_sfun_registry.obj
 0001:0003f4c0       _ssGetCallSystemNumFcnCallDestinations 00000001800404c0 f   Modele_3D_sfun_registry.obj
 0001:0003f530       _ssGetCurrentInputPortWidth 0000000180040530 f   Modele_3D_sfun_registry.obj
 0001:0003f670       _ssGetCurrentOutputPortWidth 0000000180040670 f   Modele_3D_sfun_registry.obj
 0001:0003f7b0       ssGetIsZeroCrossControlDisabled 00000001800407b0 f   Modele_3D_sfun_registry.obj
 0001:0003f820       ssSetIsInputPortUsedForContZcSignal 0000000180040820 f   Modele_3D_sfun_registry.obj
 0001:0003f890       ssSetZcSignalIsZcElementDisc 0000000180040890 f   Modele_3D_sfun_registry.obj
 0001:0003f940       ssSetZcSignalName          0000000180040940 f   Modele_3D_sfun_registry.obj
 0001:0003f9b0       ssSetZcSignalWidth         00000001800409b0 f   Modele_3D_sfun_registry.obj
 0001:0003fa20       ssSetZcSignalZcEventType   0000000180040a20 f   Modele_3D_sfun_registry.obj
 0001:0003fa90       ssSetZcSignalType          0000000180040a90 f   Modele_3D_sfun_registry.obj
 0001:0003fb00       ssSetZcSignalZcTol         0000000180040b00 f   Modele_3D_sfun_registry.obj
 0001:0003fb70       ssSetZcSignalNeedsEventNotification 0000000180040b70 f   Modele_3D_sfun_registry.obj
 0001:0003fbe0       ssCreateAndAddZcSignalInfo 0000000180040be0 f   Modele_3D_sfun_registry.obj
 0001:0003fc50       ssCloneAndAddZcSignalInfo  0000000180040c50 f   Modele_3D_sfun_registry.obj
 0001:0003fcc0       ssGetNumZcSignals          0000000180040cc0 f   Modele_3D_sfun_registry.obj
 0001:0003fd30       ssGetZcSignalVector        0000000180040d30 f   Modele_3D_sfun_registry.obj
 0001:0003fda0       ssGetZcSignalName          0000000180040da0 f   Modele_3D_sfun_registry.obj
 0001:0003fe10       ssGetZcSignalWidth         0000000180040e10 f   Modele_3D_sfun_registry.obj
 0001:0003fe80       ssGetZcSignalZcEventType   0000000180040e80 f   Modele_3D_sfun_registry.obj
 0001:0003fef0       ssGetZcSignalZcEvents      0000000180040ef0 f   Modele_3D_sfun_registry.obj
 0001:0003ff60       ssGetZcSignalType          0000000180040f60 f   Modele_3D_sfun_registry.obj
 0001:0003ffd0       ssGetZcSignalZcTol         0000000180040fd0 f   Modele_3D_sfun_registry.obj
 0001:00040050       ssGetZcSignalNeedsEventNotification 0000000180041050 f   Modele_3D_sfun_registry.obj
 0001:000400c0       ssGetZcSignalIsZcElementDisc 00000001800410c0 f   Modele_3D_sfun_registry.obj
 0001:00040160       ssGetIsInputPortElementContinuous 0000000180041160 f   Modele_3D_sfun_registry.obj
 0001:00040200       _ssGetAbsTol               0000000180041200 f   Modele_3D_sfun_registry.obj
 0001:00040270       _ssSetStateAbsTol          0000000180041270 f   Modele_3D_sfun_registry.obj
 0001:00040350       _ssSetInputPortReusableFcn 0000000180041350 f   Modele_3D_sfun_registry.obj
 0001:00040450       _ssSetOutputPortReusableFcn 0000000180041450 f   Modele_3D_sfun_registry.obj
 0001:00040550       _ssSetSymbolicDimsSupport  0000000180041550 f   Modele_3D_sfun_registry.obj
 0001:000405c0       _ssRegisterSymbolicDimsExpr 00000001800415c0 f   Modele_3D_sfun_registry.obj
 0001:00040640       _ssRegisterSymbolicDimsMATLABExpr 0000000180041640 f   Modele_3D_sfun_registry.obj
 0001:000406d0       _ssRegisterSymbolicDims    00000001800416d0 f   Modele_3D_sfun_registry.obj
 0001:00040770       _ssRegisterSymbolicDimsString 0000000180041770 f   Modele_3D_sfun_registry.obj
 0001:000407f0       _ssRegisterSymbolicDimsIntValue 00000001800417f0 f   Modele_3D_sfun_registry.obj
 0001:00040860       _ssRegisterSymbolicEqualRelation 0000000180041860 f   Modele_3D_sfun_registry.obj
 0001:000408d0       _ssRegisterSymbolicEqualValue 00000001800418d0 f   Modele_3D_sfun_registry.obj
 0001:00040940       _ssAmendLeadingSymbolicDims 0000000180041940 f   Modele_3D_sfun_registry.obj
 0001:000409c0       _ssAmendTrailingSymbolicDims 00000001800419c0 f   Modele_3D_sfun_registry.obj
 0001:00040a40       _ssRegisterSymbolicDimsPlus 0000000180041a40 f   Modele_3D_sfun_registry.obj
 0001:00040ac0       _ssRegisterSymbolicDimsMinus 0000000180041ac0 f   Modele_3D_sfun_registry.obj
 0001:00040b40       _ssRegisterSymbolicDimsMultiply 0000000180041b40 f   Modele_3D_sfun_registry.obj
 0001:00040bc0       _ssRegisterSymbolicDimsDivide 0000000180041bc0 f   Modele_3D_sfun_registry.obj
 0001:00040c40       _ssGetNumSymbolicDims      0000000180041c40 f   Modele_3D_sfun_registry.obj
 0001:00040cb0       _ssGetSymbolicDim          0000000180041cb0 f   Modele_3D_sfun_registry.obj
 0001:00040d30       _ssSetInputPortSymbolicDimsId 0000000180041d30 f   Modele_3D_sfun_registry.obj
 0001:00040da0       _ssGetCompInputPortSymbolicDimsId 0000000180041da0 f   Modele_3D_sfun_registry.obj
 0001:00040e10       _ssSetCompInputPortSymbolicDimsId 0000000180041e10 f   Modele_3D_sfun_registry.obj
 0001:00040e80       _ssSetOutputPortSymbolicDimsId 0000000180041e80 f   Modele_3D_sfun_registry.obj
 0001:00040ef0       _ssGetCompOutputPortSymbolicDimsId 0000000180041ef0 f   Modele_3D_sfun_registry.obj
 0001:00040f60       _ssSetCompOutputPortSymbolicDimsId 0000000180041f60 f   Modele_3D_sfun_registry.obj
 0001:00040fd0       _ssGetDWorkSymbolicDimsId  0000000180041fd0 f   Modele_3D_sfun_registry.obj
 0001:00041040       _ssSetDWorkSymbolicDimsId  0000000180042040 f   Modele_3D_sfun_registry.obj
 0001:000410b0       _ssGetCompDWorkSymbolicDimsId 00000001800420b0 f   Modele_3D_sfun_registry.obj
 0001:00041120       _ssSetCompDWorkSymbolicDimsId 0000000180042120 f   Modele_3D_sfun_registry.obj
 0001:00041190       _ssCreateSLCGStringBuffer  0000000180042190 f   Modele_3D_sfun_registry.obj
 0001:00041200       _ssAddToSLCGStringBuffer   0000000180042200 f   Modele_3D_sfun_registry.obj
 0001:00041270       _ssGetPointerContainedData 0000000180042270 f   Modele_3D_sfun_registry.obj
 0001:00041300       _ssGetPointerContainedDataWidth 0000000180042300 f   Modele_3D_sfun_registry.obj
 0001:00041390       _ssRegisterDynamicArrayDataTypeFcn 0000000180042390 f   Modele_3D_sfun_registry.obj
 0001:00041430       _ssGetDynamicArrayContainedDataCurrentWidthFcn 0000000180042430 f   Modele_3D_sfun_registry.obj
 0001:00041500       _ssGetDynamicArrayContainedDataFcn 0000000180042500 f   Modele_3D_sfun_registry.obj
 0001:000415d0       _ssGetInputPortDynamicArrayDataFcn 00000001800425d0 f   Modele_3D_sfun_registry.obj
 0001:00041690       _ssGetOutputPortDynamicArrayDataFcn 0000000180042690 f   Modele_3D_sfun_registry.obj
 0001:00041750       _ssGetInputPortDynamicArrayContainedDataFcn 0000000180042750 f   Modele_3D_sfun_registry.obj
 0001:00041810       _ssGetOutputPortDynamicArrayContainedDataFcn 0000000180042810 f   Modele_3D_sfun_registry.obj
 0001:000418d0       _ssGetDynamicArrayDWorkContainedDataFcn 00000001800428d0 f   Modele_3D_sfun_registry.obj
 0001:00041990       sf_process_check_sum_call  0000000180042990 f   Modele_3D_sfun_registry.obj
 0001:000419e0       sf_process_get_third_party_uses_info_call 00000001800429e0 f   Modele_3D_sfun_registry.obj
 0001:00041c10       sf_process_get_jit_fallback_info_call 0000000180042c10 f   Modele_3D_sfun_registry.obj
 0001:00041e40       sf_process_get_post_codegen_info_call 0000000180042e40 f   Modele_3D_sfun_registry.obj
 0001:00042070       sf_process_get_updateBuildInfo_args_info_call 0000000180043070 f   Modele_3D_sfun_registry.obj
 0001:000422a0       sf_process_get_eml_resolved_functions_info_call 00000001800432a0 f   Modele_3D_sfun_registry.obj
 0001:000424d0       sf_mex_unlock_call         00000001800434d0 f   Modele_3D_sfun_registry.obj
 0001:000426f0       sf_machine_global_initializer_called 00000001800436f0 f   Modele_3D_sfun_registry.obj
 0001:00042720       sf_machine_global_method_dispatcher 0000000180043720 f   Modele_3D_sfun_registry.obj
 0001:00042780       sf_machine_global_terminator 0000000180043780 f   Modele_3D_sfun_registry.obj
 0001:000427b0       callCustomFcn              00000001800437b0 f   Modele_3D_sfun_registry.obj
 0001:000427c0       sf_machine_global_initializer 00000001800437c0 f   Modele_3D_sfun_registry.obj
 0001:000427f0       mdlGetSimState             00000001800437f0 f   Modele_3D_sfun_registry.obj
 0001:00042830       mdlSetSimState             0000000180043830 f   Modele_3D_sfun_registry.obj
 0001:000431c0       ProcessMexSfunctionEveryCall 00000001800441c0 f   Modele_3D_sfun_registry.obj
 0001:00044340       __local_stdio_printf_options 0000000180045340 f i Modele_3D_sfun_registry.obj
 0001:00044350       _vsnprintf_l               0000000180045350 f i Modele_3D_sfun_registry.obj
 0001:000443d0       _vsprintf_l                00000001800453d0 f i Modele_3D_sfun_registry.obj
 0001:00044420       sprintf                    0000000180045420 f i Modele_3D_sfun_registry.obj
 0001:00044470       mexfilerequiredapiversion  0000000180045470 f   c_mexapi_version.obj
 0001:00044e40       ccdFirstDirDefault         0000000180045e40 f   ccd_ccd.obj
 0001:00044e80       __ccdSupport               0000000180045e80 f   ccd_ccd.obj
 0001:00044f60       ccdGJKIntersect            0000000180045f60 f   ccd_ccd.obj
 0001:00044ff0       __ccdGJK                   0000000180045ff0 f   ccd_ccd.obj
 0001:000451b0       ccdGJKSeparate             00000001800461b0 f   ccd_ccd.obj
 0001:00045250       ccdGJKPenetration          0000000180046250 f   ccd_ccd.obj
 0001:00049760       ccdMPRIntersect            000000018004a760 f   ccd_mpr.obj
 0001:00049830       ccdMPRPenetration          000000018004a830 f   ccd_mpr.obj
 0001:0004b330       ccdPtInit                  000000018004c330 f   ccd_polytope.obj
 0001:0004b3a0       ccdPtDestroy               000000018004c3a0 f   ccd_polytope.obj
 0001:0004b4f0       ccdPtAddVertex             000000018004c4f0 f   ccd_polytope.obj
 0001:0004b5c0       ccdPtAddEdge               000000018004c5c0 f   ccd_polytope.obj
 0001:0004b780       ccdPtAddFace               000000018004c780 f   ccd_polytope.obj
 0001:0004bc60       ccdPtRecomputeDistances    000000018004cc60 f   ccd_polytope.obj
 0001:0004bf50       ccdPtNearest               000000018004cf50 f   ccd_polytope.obj
 0001:0004bf90       ccdPtDumpSVT               000000018004cf90 f   ccd_polytope.obj
 0001:0004bff0       ccdPtDumpSVT2              000000018004cff0 f   ccd_polytope.obj
 0001:0004c4e0       _vfprintf_l                000000018004d4e0 f i ccd_polytope.obj
 0001:0004c530       fprintf                    000000018004d530 f i ccd_polytope.obj
 0001:0004ca70       ccdVec3PointSegmentDist2   000000018004da70 f   ccd_vec3.obj
 0001:0004cab0       ccdVec3PointTriDist2       000000018004dab0 f   ccd_vec3.obj
 0001:0004d9e0       ??RCollisionGeometryDeleter@shared_robotics@@QEAAXPEAVCollisionGeometry@1@@Z 000000018004e9e0 f   collisioncodegen_CollisionGeometry.obj
 0001:0004da30       ??1CollisionGeometry@shared_robotics@@UEAA@XZ 000000018004ea30 f   collisioncodegen_CollisionGeometry.obj
 0001:0004da90       ?support@CollisionGeometry@shared_robotics@@QEBAXPEBU_ccd_vec3_t@@PEAU3@@Z 000000018004ea90 f   collisioncodegen_CollisionGeometry.obj
 0001:0004e5e0       ?constructConnectionList@CollisionGeometry@shared_robotics@@IEAAXXZ 000000018004f5e0 f   collisioncodegen_CollisionGeometry.obj
 0001:0004eb60       ??$?0$$V@?$_Compressed_pair@V?$allocator@N@std@@V?$_Vector_val@U?$_Simple_types@N@std@@@2@$00@std@@QEAA@U_Zero_then_variadic_args_t@1@@Z 000000018004fb60 f i collisioncodegen_CollisionGeometry.obj
 0001:0004eb90       ??$?0$$V@?$_Compressed_pair@V?$allocator@_K@std@@V?$_Vector_val@U?$_Simple_types@_K@std@@@2@$00@std@@QEAA@U_Zero_then_variadic_args_t@1@@Z 000000018004fb90 f i collisioncodegen_CollisionGeometry.obj
 0001:0004ebc0       ??$?0AEAPEA_KAEAPEA_K$0A@@?$pair@PEA_KPEA_K@std@@QEAA@AEAPEA_K0@Z 000000018004fbc0 f i collisioncodegen_CollisionGeometry.obj
 0001:0004ec10       ??$?0V?$allocator@_K@std@@PEA_KPEA_KPEA_K@?$_Compressed_pair@V?$allocator@_K@std@@V?$_Vector_val@U?$_Simple_types@_K@std@@@2@$00@std@@QEAA@U_One_then_variadic_args_t@1@$$QEAV?$allocator@_K@1@$$QEAPEA_K22@Z 000000018004fc10 f i collisioncodegen_CollisionGeometry.obj
 0001:0004ec80       ??$?6U?$char_traits@D@std@@@std@@YAAEAV?$basic_ostream@DU?$char_traits@D@std@@@0@AEAV10@PEBD@Z 000000018004fc80 f i collisioncodegen_CollisionGeometry.obj
 0001:0004f030       ??$?RAEANAEAN@?$less@X@std@@QEBA_NAEAN0@Z 0000000180050030 f i collisioncodegen_CollisionGeometry.obj
 0001:0004f070       ??$?RAEA_KAEA_K@?$equal_to@X@std@@QEBA_NAEA_K0@Z 0000000180050070 f i collisioncodegen_CollisionGeometry.obj
 0001:0004f0b0       ??$?RAEA_KAEA_K@?$less@X@std@@QEBA_NAEA_K0@Z 00000001800500b0 f i collisioncodegen_CollisionGeometry.obj
 0001:0004f0f0       ??$_Adl_verify_range@V?$_Vector_iterator@V?$_Vector_val@U?$_Simple_types@N@std@@@std@@@std@@V12@@std@@YAXAEBV?$_Vector_iterator@V?$_Vector_val@U?$_Simple_types@N@std@@@std@@@0@0@Z 00000001800500f0 f i collisioncodegen_CollisionGeometry.obj
 0001:0004f100       ??$_Adl_verify_range@V?$_Vector_iterator@V?$_Vector_val@U?$_Simple_types@_K@std@@@std@@@std@@V12@@std@@YAXAEBV?$_Vector_iterator@V?$_Vector_val@U?$_Simple_types@_K@std@@@std@@@0@0@Z 0000000180050100 f i collisioncodegen_CollisionGeometry.obj
 0001:0004f110       ??$_Allocate@$0BA@U_Default_allocate_traits@std@@$0A@@std@@YAPEAX_K@Z 0000000180050110 f i collisioncodegen_CollisionGeometry.obj
 0001:0004f150       ??$_Allocate_manually_vector_aligned@U_Default_allocate_traits@std@@@std@@YAPEAX_K@Z 0000000180050150 f i collisioncodegen_CollisionGeometry.obj
 0001:0004f1e0       ??$_Copy_backward_memmove@PEA_KPEA_K@std@@YAPEA_KPEA_K00@Z 00000001800501e0 f i collisioncodegen_CollisionGeometry.obj
 0001:0004f290       ??$_Copy_memmove@PEANPEAN@std@@YAPEANPEAN00@Z 0000000180050290 f i collisioncodegen_CollisionGeometry.obj
 0001:0004f330       ??$_Copy_memmove@PEA_KPEA_K@std@@YAPEA_KPEA_K00@Z 0000000180050330 f i collisioncodegen_CollisionGeometry.obj
 0001:0004f3d0       ??$_Deallocate@$0BA@$0A@@std@@YAXPEAX_K@Z 00000001800503d0 f i collisioncodegen_CollisionGeometry.obj
 0001:0004f410       ??$_Destroy_range@V?$allocator@N@std@@@std@@YAXPEANQEANAEAV?$allocator@N@0@@Z 0000000180050410 f i collisioncodegen_CollisionGeometry.obj
 0001:0004f420       ??$_Destroy_range@V?$allocator@U_ccd_vec3_t@@@std@@@std@@YAXPEAU_ccd_vec3_t@@QEAU1@AEAV?$allocator@U_ccd_vec3_t@@@0@@Z 0000000180050420 f i collisioncodegen_CollisionGeometry.obj
 0001:0004f430       ??$_Destroy_range@V?$allocator@U_idx_vec3_t@shared_robotics@@@std@@@std@@YAXPEAU_idx_vec3_t@shared_robotics@@QEAU12@AEAV?$allocator@U_idx_vec3_t@shared_robotics@@@0@@Z 0000000180050430 f i collisioncodegen_CollisionGeometry.obj
 0001:0004f440       ??$_Destroy_range@V?$allocator@V?$vector@_KV?$allocator@_K@std@@@std@@@std@@@std@@YAXPEAV?$vector@_KV?$allocator@_K@std@@@0@QEAV10@AEAV?$allocator@V?$vector@_KV?$allocator@_K@std@@@std@@@0@@Z 0000000180050440 f i collisioncodegen_CollisionGeometry.obj
 0001:0004f490       ??$_Destroy_range@V?$allocator@_K@std@@@std@@YAXPEA_KQEA_KAEAV?$allocator@_K@0@@Z 0000000180050490 f i collisioncodegen_CollisionGeometry.obj
 0001:0004f4a0       ??$_Emplace_back@$$V@?$_Uninitialized_backout_al@V?$allocator@V?$vector@_KV?$allocator@_K@std@@@std@@@std@@@std@@QEAAXXZ 00000001800504a0 f i collisioncodegen_CollisionGeometry.obj
 0001:0004f4f0       ??$_Emplace_back@$$V@?$_Uninitialized_backout_al@V?$allocator@_K@std@@@std@@QEAAXXZ 00000001800504f0 f i collisioncodegen_CollisionGeometry.obj
 0001:0004f540       ??$_Emplace_back@N@?$_Uninitialized_backout_al@V?$allocator@N@std@@@std@@QEAAX$$QEAN@Z 0000000180050540 f i collisioncodegen_CollisionGeometry.obj
 0001:0004f5a0       ??$_Emplace_back@V?$vector@_KV?$allocator@_K@std@@@std@@@?$_Uninitialized_backout_al@V?$allocator@V?$vector@_KV?$allocator@_K@std@@@std@@@std@@@std@@QEAAX$$QEAV?$vector@_KV?$allocator@_K@std@@@1@@Z 00000001800505a0 f i collisioncodegen_CollisionGeometry.obj
 0001:0004f600       ??$_Emplace_back@_K@?$_Uninitialized_backout_al@V?$allocator@_K@std@@@std@@QEAAX$$QEA_K@Z 0000000180050600 f i collisioncodegen_CollisionGeometry.obj
 0001:0004f660       ??$_Emplace_back_with_unused_capacity@AEB_K@?$vector@_KV?$allocator@_K@std@@@std@@AEAA?A_TAEB_K@Z 0000000180050660 f i collisioncodegen_CollisionGeometry.obj
 0001:0004f710       ??$_Emplace_back_with_unused_capacity@N@?$vector@NV?$allocator@N@std@@@std@@AEAA?A_T$$QEAN@Z 0000000180050710 f i collisioncodegen_CollisionGeometry.obj
 0001:0004f7c0       ??$_Emplace_reallocate@AEB_K@?$vector@_KV?$allocator@_K@std@@@std@@QEAAPEA_KQEA_KAEB_K@Z 00000001800507c0 f i collisioncodegen_CollisionGeometry.obj
 0001:0004f9d0       ??$_Emplace_reallocate@N@?$vector@NV?$allocator@N@std@@@std@@QEAAPEANQEAN$$QEAN@Z 00000001800509d0 f i collisioncodegen_CollisionGeometry.obj
 0001:0004fbe0       ??$_Get_size_of_n@$07@std@@YA_K_K@Z 0000000180050be0 f i collisioncodegen_CollisionGeometry.obj
 0001:0004fc30       ??$_Get_size_of_n@$0BI@@std@@YA_K_K@Z 0000000180050c30 f i collisioncodegen_CollisionGeometry.obj
 0001:0004fc70       ??$_Get_unwrapped@AEAV?$_Vector_iterator@V?$_Vector_val@U?$_Simple_types@N@std@@@std@@@std@@@std@@YA?A_TAEAV?$_Vector_iterator@V?$_Vector_val@U?$_Simple_types@N@std@@@std@@@0@@Z 0000000180050c70 f i collisioncodegen_CollisionGeometry.obj
 0001:0004fc90       ??$_Get_unwrapped@AEAV?$_Vector_iterator@V?$_Vector_val@U?$_Simple_types@_K@std@@@std@@@std@@@std@@YA?A_TAEAV?$_Vector_iterator@V?$_Vector_val@U?$_Simple_types@_K@std@@@std@@@0@@Z 0000000180050c90 f i collisioncodegen_CollisionGeometry.obj
 0001:0004fcb0       ??$_Get_unwrapped@AEBQEAN@std@@YA?A_TAEBQEAN@Z 0000000180050cb0 f i collisioncodegen_CollisionGeometry.obj
 0001:0004fcc0       ??$_Get_unwrapped@AEBQEAV?$vector@_KV?$allocator@_K@std@@@std@@@std@@YA?A_TAEBQEAV?$vector@_KV?$allocator@_K@std@@@0@@Z 0000000180050cc0 f i collisioncodegen_CollisionGeometry.obj
 0001:0004fcd0       ??$_Get_unwrapped@AEBQEA_K@std@@YA?A_TAEBQEA_K@Z 0000000180050cd0 f i collisioncodegen_CollisionGeometry.obj
 0001:0004fce0       ??$_Get_unwrapped@AEBV?$_Vector_iterator@V?$_Vector_val@U?$_Simple_types@_K@std@@@std@@@std@@@std@@YA?A_TAEBV?$_Vector_iterator@V?$_Vector_val@U?$_Simple_types@_K@std@@@std@@@0@@Z 0000000180050ce0 f i collisioncodegen_CollisionGeometry.obj
 0001:0004fd00       ??$_Guess_median_unchecked@PEA_KU?$less@X@std@@@std@@YAXPEA_K00U?$less@X@0@@Z 0000000180050d00 f i collisioncodegen_CollisionGeometry.obj
 0001:0004fe60       ??$_Insertion_sort_unchecked@PEA_KU?$less@X@std@@@std@@YAPEA_KQEA_K0U?$less@X@0@@Z 0000000180050e60 f i collisioncodegen_CollisionGeometry.obj
 0001:0004ffa0       ??$_Make_heap_unchecked@PEA_KU?$less@X@std@@@std@@YAXPEA_K0U?$less@X@0@@Z 0000000180050fa0 f i collisioncodegen_CollisionGeometry.obj
 0001:00050040       ??$_Max_element_unchecked@PEANU?$less@X@std@@@std@@YAPEANPEAN0U?$less@X@0@@Z 0000000180051040 f i collisioncodegen_CollisionGeometry.obj
 0001:000500c0       ??$_Med3_unchecked@PEA_KU?$less@X@std@@@std@@YAXPEA_K00U?$less@X@0@@Z 00000001800510c0 f i collisioncodegen_CollisionGeometry.obj
 0001:00050160       ??$_Move_backward_unchecked@PEA_KPEA_K@std@@YAPEA_KPEA_K00@Z 0000000180051160 f i collisioncodegen_CollisionGeometry.obj
 0001:000501e0       ??$_Move_unchecked@PEA_KPEA_K@std@@YAPEA_KPEA_K00@Z 00000001800511e0 f i collisioncodegen_CollisionGeometry.obj
 0001:00050260       ??$_Next_iter@PEA_K@std@@YAPEA_KPEA_K@Z 0000000180051260 f i collisioncodegen_CollisionGeometry.obj
 0001:00050280       ??$_Partition_by_median_guess_unchecked@PEA_KU?$less@X@std@@@std@@YA?AU?$pair@PEA_KPEA_K@0@PEA_K0U?$less@X@0@@Z 0000000180051280 f i collisioncodegen_CollisionGeometry.obj
 0001:00050640       ??$_Pass_fn@U?$less@X@std@@$0A@@std@@YA?AU?$less@X@0@U10@@Z 0000000180051640 f i collisioncodegen_CollisionGeometry.obj
 0001:00050650       ??$_Pop_heap_hole_by_index@PEA_K_KU?$less@X@std@@@std@@YAXPEA_K_J1$$QEA_KU?$less@X@0@@Z 0000000180051650 f i collisioncodegen_CollisionGeometry.obj
 0001:000507b0       ??$_Pop_heap_hole_unchecked@PEA_K_KU?$less@X@std@@@std@@YAXPEA_K00$$QEA_KU?$less@X@0@@Z 00000001800517b0 f i collisioncodegen_CollisionGeometry.obj
 0001:00050820       ??$_Pop_heap_unchecked@PEA_KU?$less@X@std@@@std@@YAXPEA_K0U?$less@X@0@@Z 0000000180051820 f i collisioncodegen_CollisionGeometry.obj
 0001:000508a0       ??$_Prev_iter@PEA_K@std@@YAPEA_KPEA_K@Z 00000001800518a0 f i collisioncodegen_CollisionGeometry.obj
 0001:000508c0       ??$_Push_heap_by_index@PEA_K_KU?$less@X@std@@@std@@YAXPEA_K_J1$$QEA_KU?$less@X@0@@Z 00000001800518c0 f i collisioncodegen_CollisionGeometry.obj
 0001:00050980       ??$_Refancy@PEAN$0A@@std@@YAPEANPEAN@Z 0000000180051980 f i collisioncodegen_CollisionGeometry.obj
 0001:00050990       ??$_Refancy@PEA_K$0A@@std@@YAPEA_KPEA_K@Z 0000000180051990 f i collisioncodegen_CollisionGeometry.obj
 0001:000509a0       ??$_Resize@U_Value_init_tag@std@@@?$vector@V?$vector@_KV?$allocator@_K@std@@@std@@V?$allocator@V?$vector@_KV?$allocator@_K@std@@@std@@@2@@std@@AEAAX_KAEBU_Value_init_tag@1@@Z 00000001800519a0 f i collisioncodegen_CollisionGeometry.obj
 0001:00050b10       ??$_Resize@U_Value_init_tag@std@@@?$vector@_KV?$allocator@_K@std@@@std@@AEAAX_KAEBU_Value_init_tag@1@@Z 0000000180051b10 f i collisioncodegen_CollisionGeometry.obj
 0001:00050c80       ??$_Resize_reallocate@U_Value_init_tag@std@@@?$vector@V?$vector@_KV?$allocator@_K@std@@@std@@V?$allocator@V?$vector@_KV?$allocator@_K@std@@@std@@@2@@std@@AEAAX_KAEBU_Value_init_tag@1@@Z 0000000180051c80 f i collisioncodegen_CollisionGeometry.obj
 0001:00050de0       ??$_Resize_reallocate@U_Value_init_tag@std@@@?$vector@_KV?$allocator@_K@std@@@std@@AEAAX_KAEBU_Value_init_tag@1@@Z 0000000180051de0 f i collisioncodegen_CollisionGeometry.obj
 0001:00050f40       ??$_Seek_wrapped@V?$_Vector_iterator@V?$_Vector_val@U?$_Simple_types@N@std@@@std@@@std@@PEAN@std@@YAXAEAV?$_Vector_iterator@V?$_Vector_val@U?$_Simple_types@N@std@@@std@@@0@$$QEAPEAN@Z 0000000180051f40 f i collisioncodegen_CollisionGeometry.obj
 0001:00050f70       ??$_Seek_wrapped@V?$_Vector_iterator@V?$_Vector_val@U?$_Simple_types@_K@std@@@std@@@std@@AEAPEA_K@std@@YAXAEAV?$_Vector_iterator@V?$_Vector_val@U?$_Simple_types@_K@std@@@std@@@0@AEAPEA_K@Z 0000000180051f70 f i collisioncodegen_CollisionGeometry.obj
 0001:00050fa0       ??$_Seek_wrapped@V?$_Vector_iterator@V?$_Vector_val@U?$_Simple_types@_K@std@@@std@@@std@@AEBQEA_K@std@@YAXAEAV?$_Vector_iterator@V?$_Vector_val@U?$_Simple_types@_K@std@@@std@@@0@AEBQEA_K@Z 0000000180051fa0 f i collisioncodegen_CollisionGeometry.obj
 0001:00050fd0       ??$_Sort_heap_unchecked@PEA_KU?$less@X@std@@@std@@YAXPEA_K0U?$less@X@0@@Z 0000000180051fd0 f i collisioncodegen_CollisionGeometry.obj
 0001:00051030       ??$_Sort_unchecked@PEA_KU?$less@X@std@@@std@@YAXPEA_K0_JU?$less@X@0@@Z 0000000180052030 f i collisioncodegen_CollisionGeometry.obj
 0001:00051170       ??$_To_address@PEAN@std@@YA?A_PAEBQEAN@Z 0000000180052170 f i collisioncodegen_CollisionGeometry.obj
 0001:00051180       ??$_To_address@PEA_K@std@@YA?A_PAEBQEA_K@Z 0000000180052180 f i collisioncodegen_CollisionGeometry.obj
 0001:00051190       ??$_Unfancy@N@std@@YAPEANPEAN@Z 0000000180052190 f i collisioncodegen_CollisionGeometry.obj
 0001:000511a0       ??$_Unfancy@V?$vector@_KV?$allocator@_K@std@@@std@@@std@@YAPEAV?$vector@_KV?$allocator@_K@std@@@0@PEAV10@@Z 00000001800521a0 f i collisioncodegen_CollisionGeometry.obj
 0001:000511b0       ??$_Unfancy@_K@std@@YAPEA_KPEA_K@Z 00000001800521b0 f i collisioncodegen_CollisionGeometry.obj
 0001:000511c0       ??$_Uninitialized_move@PEANV?$allocator@N@std@@@std@@YAPEANQEAN0PEANAEAV?$allocator@N@0@@Z 00000001800521c0 f i collisioncodegen_CollisionGeometry.obj
 0001:000512a0       ??$_Uninitialized_move@PEAV?$vector@_KV?$allocator@_K@std@@@std@@V?$allocator@V?$vector@_KV?$allocator@_K@std@@@std@@@2@@std@@YAPEAV?$vector@_KV?$allocator@_K@std@@@0@QEAV10@0PEAV10@AEAV?$allocator@V?$vector@_KV?$allocator@_K@std@@@std@@@0@@Z 00000001800522a0 f i collisioncodegen_CollisionGeometry.obj
 0001:00051350       ??$_Uninitialized_move@PEA_KV?$allocator@_K@std@@@std@@YAPEA_KQEA_K0PEA_KAEAV?$allocator@_K@0@@Z 0000000180052350 f i collisioncodegen_CollisionGeometry.obj
 0001:00051430       ??$_Uninitialized_value_construct_n@V?$allocator@V?$vector@_KV?$allocator@_K@std@@@std@@@std@@@std@@YAPEAV?$vector@_KV?$allocator@_K@std@@@0@PEAV10@_KAEAV?$allocator@V?$vector@_KV?$allocator@_K@std@@@std@@@0@@Z 0000000180052430 f i collisioncodegen_CollisionGeometry.obj
 0001:000514a0       ??$_Uninitialized_value_construct_n@V?$allocator@_K@std@@@std@@YAPEA_KPEA_K_KAEAV?$allocator@_K@0@@Z 00000001800524a0 f i collisioncodegen_CollisionGeometry.obj
 0001:00051550       ??$_Voidify_iter@PEAN@std@@YAPEAXPEAN@Z 0000000180052550 f i collisioncodegen_CollisionGeometry.obj
 0001:00051560       ??$_Voidify_iter@PEAV?$vector@_KV?$allocator@_K@std@@@std@@@std@@YAPEAXPEAV?$vector@_KV?$allocator@_K@std@@@0@@Z 0000000180052560 f i collisioncodegen_CollisionGeometry.obj
 0001:00051570       ??$_Voidify_iter@PEA_K@std@@YAPEAXPEA_K@Z 0000000180052570 f i collisioncodegen_CollisionGeometry.obj
 0001:00051580       ??$_Zero_range@PEA_K@std@@YAPEA_KQEA_K0@Z 0000000180052580 f i collisioncodegen_CollisionGeometry.obj
 0001:000515e0       ??$addressof@V?$_Vector_val@U?$_Simple_types@N@std@@@std@@@std@@YAPEAV?$_Vector_val@U?$_Simple_types@N@std@@@0@AEAV10@@Z 00000001800525e0 f i collisioncodegen_CollisionGeometry.obj
 0001:000515f0       ??$addressof@V?$_Vector_val@U?$_Simple_types@_K@std@@@std@@@std@@YAPEAV?$_Vector_val@U?$_Simple_types@_K@std@@@0@AEAV10@@Z 00000001800525f0 f i collisioncodegen_CollisionGeometry.obj
 0001:00051600       ??$construct@NN@?$_Default_allocator_traits@V?$allocator@N@std@@@std@@SAXAEAV?$allocator@N@1@QEAN$$QEAN@Z 0000000180052600 f i collisioncodegen_CollisionGeometry.obj
 0001:00051650       ??$construct@V?$vector@_KV?$allocator@_K@std@@@std@@$$V@?$_Default_allocator_traits@V?$allocator@V?$vector@_KV?$allocator@_K@std@@@std@@@std@@@std@@SAXAEAV?$allocator@V?$vector@_KV?$allocator@_K@std@@@std@@@1@QEAV?$vector@_KV?$allocator@_K@std@@@1@@Z 0000000180052650 f i collisioncodegen_CollisionGeometry.obj
 0001:00051690       ??$construct@V?$vector@_KV?$allocator@_K@std@@@std@@V12@@?$_Default_allocator_traits@V?$allocator@V?$vector@_KV?$allocator@_K@std@@@std@@@std@@@std@@SAXAEAV?$allocator@V?$vector@_KV?$allocator@_K@std@@@std@@@1@QEAV?$vector@_KV?$allocator@_K@std@@@1@$$QEAV31@@Z 0000000180052690 f i collisioncodegen_CollisionGeometry.obj
 0001:000516e0       ??$construct@_K$$V@?$_Default_allocator_traits@V?$allocator@_K@std@@@std@@SAXAEAV?$allocator@_K@1@QEA_K@Z 00000001800526e0 f i collisioncodegen_CollisionGeometry.obj
 0001:00051730       ??$construct@_KAEB_K@?$_Default_allocator_traits@V?$allocator@_K@std@@@std@@SAXAEAV?$allocator@_K@1@QEA_KAEB_K@Z 0000000180052730 f i collisioncodegen_CollisionGeometry.obj
 0001:00051780       ??$construct@_K_K@?$_Default_allocator_traits@V?$allocator@_K@std@@@std@@SAXAEAV?$allocator@_K@1@QEA_K$$QEA_K@Z 0000000180052780 f i collisioncodegen_CollisionGeometry.obj
 0001:000517d0       ??$destroy@V?$vector@_KV?$allocator@_K@std@@@std@@@?$_Default_allocator_traits@V?$allocator@V?$vector@_KV?$allocator@_K@std@@@std@@@std@@@std@@SAXAEAV?$allocator@V?$vector@_KV?$allocator@_K@std@@@std@@@1@QEAV?$vector@_KV?$allocator@_K@std@@@1@@Z 00000001800527d0 f i collisioncodegen_CollisionGeometry.obj
 0001:000517f0       ??$emplace_back@AEB_K@?$vector@_KV?$allocator@_K@std@@@std@@QEAA?A_TAEB_K@Z 00000001800527f0 f i collisioncodegen_CollisionGeometry.obj
 0001:00051870       ??$emplace_back@N@?$vector@NV?$allocator@N@std@@@std@@QEAA?A_T$$QEAN@Z 0000000180052870 f i collisioncodegen_CollisionGeometry.obj
 0001:000518f0       ??$endl@DU?$char_traits@D@std@@@std@@YAAEAV?$basic_ostream@DU?$char_traits@D@std@@@0@AEAV10@@Z 00000001800528f0 f i collisioncodegen_CollisionGeometry.obj
 0001:00051940       ??$exchange@PEA_K$$T@std@@YAPEA_KAEAPEA_K$$QEA$$T@Z 0000000180052940 f i collisioncodegen_CollisionGeometry.obj
 0001:00051980       ??$forward@AEAPEA_K@std@@YAAEAPEA_KAEAPEA_K@Z 0000000180052980 f i collisioncodegen_CollisionGeometry.obj
 0001:00051990       ??$forward@AEBQEA_K@std@@YAAEBQEA_KAEBQEA_K@Z 0000000180052990 f i collisioncodegen_CollisionGeometry.obj
 0001:000519a0       ??$forward@AEB_K@std@@YAAEB_KAEB_K@Z 00000001800529a0 f i collisioncodegen_CollisionGeometry.obj
 0001:000519b0       ??$forward@N@std@@YA$$QEANAEAN@Z 00000001800529b0 f i collisioncodegen_CollisionGeometry.obj
 0001:000519c0       ??$forward@PEAN@std@@YA$$QEAPEANAEAPEAN@Z 00000001800529c0 f i collisioncodegen_CollisionGeometry.obj
 0001:000519d0       ??$forward@PEA_K@std@@YA$$QEAPEA_KAEAPEA_K@Z 00000001800529d0 f i collisioncodegen_CollisionGeometry.obj
 0001:000519e0       ??$forward@V?$allocator@_K@std@@@std@@YA$$QEAV?$allocator@_K@0@AEAV10@@Z 00000001800529e0 f i collisioncodegen_CollisionGeometry.obj
 0001:000519f0       ??$forward@V?$vector@_KV?$allocator@_K@std@@@std@@@std@@YA$$QEAV?$vector@_KV?$allocator@_K@std@@@0@AEAV10@@Z 00000001800529f0 f i collisioncodegen_CollisionGeometry.obj
 0001:00051a00       ??$forward@_K@std@@YA$$QEA_KAEA_K@Z 0000000180052a00 f i collisioncodegen_CollisionGeometry.obj
 0001:00051a10       ??$iter_swap@PEA_KPEA_K@std@@YAXPEA_K0@Z 0000000180052a10 f i collisioncodegen_CollisionGeometry.obj
 0001:00051a40       ??$max_element@V?$_Vector_iterator@V?$_Vector_val@U?$_Simple_types@N@std@@@std@@@std@@@std@@YA?AV?$_Vector_iterator@V?$_Vector_val@U?$_Simple_types@N@std@@@std@@@0@V10@0@Z 0000000180052a40 f i collisioncodegen_CollisionGeometry.obj
 0001:00051a90       ??$max_element@V?$_Vector_iterator@V?$_Vector_val@U?$_Simple_types@N@std@@@std@@@std@@U?$less@X@2@@std@@YA?AV?$_Vector_iterator@V?$_Vector_val@U?$_Simple_types@N@std@@@std@@@0@V10@0U?$less@X@0@@Z 0000000180052a90 f i collisioncodegen_CollisionGeometry.obj
 0001:00051b20       ??$min@_K@std@@YAAEB_KAEB_K0@Z 0000000180052b20 f i collisioncodegen_CollisionGeometry.obj
 0001:00051b70       ??$move@AEAN@std@@YA$$QEANAEAN@Z 0000000180052b70 f i collisioncodegen_CollisionGeometry.obj
 0001:00051b80       ??$move@AEAV?$allocator@_K@std@@@std@@YA$$QEAV?$allocator@_K@0@AEAV10@@Z 0000000180052b80 f i collisioncodegen_CollisionGeometry.obj
 0001:00051b90       ??$move@AEAV?$vector@_KV?$allocator@_K@std@@@std@@@std@@YA$$QEAV?$vector@_KV?$allocator@_K@std@@@0@AEAV10@@Z 0000000180052b90 f i collisioncodegen_CollisionGeometry.obj
 0001:00051ba0       ??$move@AEA_K@std@@YA$$QEA_KAEA_K@Z 0000000180052ba0 f i collisioncodegen_CollisionGeometry.obj
 0001:00051bb0       ??$sort@V?$_Vector_iterator@V?$_Vector_val@U?$_Simple_types@_K@std@@@std@@@std@@@std@@YAXV?$_Vector_iterator@V?$_Vector_val@U?$_Simple_types@_K@std@@@std@@@0@0@Z 0000000180052bb0 f i collisioncodegen_CollisionGeometry.obj
 0001:00051bf0       ??$sort@V?$_Vector_iterator@V?$_Vector_val@U?$_Simple_types@_K@std@@@std@@@std@@U?$less@X@2@@std@@YAXV?$_Vector_iterator@V?$_Vector_val@U?$_Simple_types@_K@std@@@std@@@0@0U?$less@X@0@@Z 0000000180052bf0 f i collisioncodegen_CollisionGeometry.obj
 0001:00051c70       ??$swap@_K$0A@@std@@YAXAEA_K0@Z 0000000180052c70 f i collisioncodegen_CollisionGeometry.obj
 0001:00051cc0       ??$unique@V?$_Vector_iterator@V?$_Vector_val@U?$_Simple_types@_K@std@@@std@@@std@@@std@@YA?AV?$_Vector_iterator@V?$_Vector_val@U?$_Simple_types@_K@std@@@std@@@0@V10@0@Z 0000000180052cc0 f i collisioncodegen_CollisionGeometry.obj
 0001:00051d10       ??$unique@V?$_Vector_iterator@V?$_Vector_val@U?$_Simple_types@_K@std@@@std@@@std@@U?$equal_to@X@2@@std@@YA?AV?$_Vector_iterator@V?$_Vector_val@U?$_Simple_types@_K@std@@@std@@@0@V10@0U?$equal_to@X@0@@Z 0000000180052d10 f i collisioncodegen_CollisionGeometry.obj
 0001:00051e70       ??0?$_Uninitialized_backout_al@V?$allocator@N@std@@@std@@QEAA@PEANAEAV?$allocator@N@1@@Z 0000000180052e70 f i collisioncodegen_CollisionGeometry.obj
 0001:00051eb0       ??0?$_Uninitialized_backout_al@V?$allocator@V?$vector@_KV?$allocator@_K@std@@@std@@@std@@@std@@QEAA@PEAV?$vector@_KV?$allocator@_K@std@@@1@AEAV?$allocator@V?$vector@_KV?$allocator@_K@std@@@std@@@1@@Z 0000000180052eb0 f i collisioncodegen_CollisionGeometry.obj
 0001:00051ef0       ??0?$_Uninitialized_backout_al@V?$allocator@_K@std@@@std@@QEAA@PEA_KAEAV?$allocator@_K@1@@Z 0000000180052ef0 f i collisioncodegen_CollisionGeometry.obj
 0001:00051f30       ??0?$_Vector_const_iterator@V?$_Vector_val@U?$_Simple_types@N@std@@@std@@@std@@QEAA@PEANPEBU_Container_base0@1@@Z 0000000180052f30 f i collisioncodegen_CollisionGeometry.obj
 0001:00051f70       ??0?$_Vector_const_iterator@V?$_Vector_val@U?$_Simple_types@_K@std@@@std@@@std@@QEAA@PEA_KPEBU_Container_base0@1@@Z 0000000180052f70 f i collisioncodegen_CollisionGeometry.obj
 0001:00051fb0       ??0?$_Vector_iterator@V?$_Vector_val@U?$_Simple_types@N@std@@@std@@@std@@QEAA@PEANPEBU_Container_base0@1@@Z 0000000180052fb0 f i collisioncodegen_CollisionGeometry.obj
 0001:00051ff0       ??0?$_Vector_iterator@V?$_Vector_val@U?$_Simple_types@_K@std@@@std@@@std@@QEAA@PEA_KPEBU_Container_base0@1@@Z 0000000180052ff0 f i collisioncodegen_CollisionGeometry.obj
 0001:00052030       ??0?$_Vector_val@U?$_Simple_types@N@std@@@std@@QEAA@XZ 0000000180053030 f i collisioncodegen_CollisionGeometry.obj
 0001:00052070       ??0?$_Vector_val@U?$_Simple_types@_K@std@@@std@@QEAA@PEA_K00@Z 0000000180053070 f i collisioncodegen_CollisionGeometry.obj
 0001:000520c0       ??0?$_Vector_val@U?$_Simple_types@_K@std@@@std@@QEAA@XZ 00000001800530c0 f i collisioncodegen_CollisionGeometry.obj
 0001:00052100       ??0?$allocator@N@std@@QEAA@XZ 0000000180053100 f i collisioncodegen_CollisionGeometry.obj
 0001:00052110       ??0?$allocator@_K@std@@QEAA@XZ 0000000180053110 f i collisioncodegen_CollisionGeometry.obj
 0001:00052120       ??0?$vector@NV?$allocator@N@std@@@std@@QEAA@XZ 0000000180053120 f i collisioncodegen_CollisionGeometry.obj
 0001:00052160       ??0?$vector@_KV?$allocator@_K@std@@@std@@QEAA@$$QEAV01@@Z 0000000180053160 f i collisioncodegen_CollisionGeometry.obj
 0001:00052260       ??0?$vector@_KV?$allocator@_K@std@@@std@@QEAA@XZ 0000000180053260 f i collisioncodegen_CollisionGeometry.obj
 0001:000522a0       ??0_Sentry_base@?$basic_ostream@DU?$char_traits@D@std@@@std@@QEAA@AEAV12@@Z 00000001800532a0 f i collisioncodegen_CollisionGeometry.obj
 0001:00052310       ??0bad_alloc@std@@AEAA@QEBD@Z 0000000180053310 f i collisioncodegen_CollisionGeometry.obj
 0001:00052350       ??0bad_alloc@std@@QEAA@AEBV01@@Z 0000000180053350 f i collisioncodegen_CollisionGeometry.obj
 0001:00052390       ??0bad_array_new_length@std@@QEAA@AEBV01@@Z 0000000180053390 f i collisioncodegen_CollisionGeometry.obj
 0001:000523d0       ??0bad_array_new_length@std@@QEAA@XZ 00000001800533d0 f i collisioncodegen_CollisionGeometry.obj
 0001:00052410       ??0exception@std@@QEAA@AEBV01@@Z 0000000180053410 f i collisioncodegen_CollisionGeometry.obj
 0001:00052470       ??0exception@std@@QEAA@QEBDH@Z 0000000180053470 f i collisioncodegen_CollisionGeometry.obj
 0001:000524c0       ??0sentry@?$basic_ostream@DU?$char_traits@D@std@@@std@@QEAA@AEAV12@@Z 00000001800534c0 f i collisioncodegen_CollisionGeometry.obj
 0001:000525a0       ??1?$_Uninitialized_backout_al@V?$allocator@N@std@@@std@@QEAA@XZ 00000001800535a0 f i collisioncodegen_CollisionGeometry.obj
 0001:000525d0       ??1?$_Uninitialized_backout_al@V?$allocator@V?$vector@_KV?$allocator@_K@std@@@std@@@std@@@std@@QEAA@XZ 00000001800535d0 f i collisioncodegen_CollisionGeometry.obj
 0001:00052600       ??1?$_Uninitialized_backout_al@V?$allocator@_K@std@@@std@@QEAA@XZ 0000000180053600 f i collisioncodegen_CollisionGeometry.obj
 0001:00052630       ??1?$vector@NV?$allocator@N@std@@@std@@QEAA@XZ 0000000180053630 f i collisioncodegen_CollisionGeometry.obj
 0001:00052650       ??1?$vector@U_ccd_vec3_t@@V?$allocator@U_ccd_vec3_t@@@std@@@std@@QEAA@XZ 0000000180053650 f i collisioncodegen_CollisionGeometry.obj
 0001:00052670       ??1?$vector@U_idx_vec3_t@shared_robotics@@V?$allocator@U_idx_vec3_t@shared_robotics@@@std@@@std@@QEAA@XZ 0000000180053670 f i collisioncodegen_CollisionGeometry.obj
 0001:00052690       ??1?$vector@V?$vector@_KV?$allocator@_K@std@@@std@@V?$allocator@V?$vector@_KV?$allocator@_K@std@@@std@@@2@@std@@QEAA@XZ 0000000180053690 f i collisioncodegen_CollisionGeometry.obj
 0001:000526b0       ??1?$vector@_KV?$allocator@_K@std@@@std@@QEAA@XZ 00000001800536b0 f i collisioncodegen_CollisionGeometry.obj
 0001:000526d0       ??1_Sentry_base@?$basic_ostream@DU?$char_traits@D@std@@@std@@QEAA@XZ 00000001800536d0 f i collisioncodegen_CollisionGeometry.obj
 0001:00052730       ??1bad_alloc@std@@UEAA@XZ  0000000180053730 f i collisioncodegen_CollisionGeometry.obj
 0001:00052750       ??1bad_array_new_length@std@@UEAA@XZ 0000000180053750 f i collisioncodegen_CollisionGeometry.obj
 0001:00052770       ??1exception@std@@UEAA@XZ  0000000180053770 f i collisioncodegen_CollisionGeometry.obj
 0001:000527a0       ??1sentry@?$basic_ostream@DU?$char_traits@D@std@@@std@@QEAA@XZ 00000001800537a0 f i collisioncodegen_CollisionGeometry.obj
 0001:00052800       ??2@YAPEAX_KPEAX@Z         0000000180053800 f i collisioncodegen_CollisionGeometry.obj
 0001:00052810       ??A?$vector@U_ccd_vec3_t@@V?$allocator@U_ccd_vec3_t@@@std@@@std@@QEBAAEBU_ccd_vec3_t@@_K@Z 0000000180053810 f i collisioncodegen_CollisionGeometry.obj
 0001:00052840       ??A?$vector@U_idx_vec3_t@shared_robotics@@V?$allocator@U_idx_vec3_t@shared_robotics@@@std@@@std@@QEAAAEAU_idx_vec3_t@shared_robotics@@_K@Z 0000000180053840 f i collisioncodegen_CollisionGeometry.obj
 0001:00052870       ??A?$vector@V?$vector@_KV?$allocator@_K@std@@@std@@V?$allocator@V?$vector@_KV?$allocator@_K@std@@@std@@@2@@std@@QEAAAEAV?$vector@_KV?$allocator@_K@std@@@1@_K@Z 0000000180053870 f i collisioncodegen_CollisionGeometry.obj
 0001:000528a0       ??A?$vector@V?$vector@_KV?$allocator@_K@std@@@std@@V?$allocator@V?$vector@_KV?$allocator@_K@std@@@std@@@2@@std@@QEBAAEBV?$vector@_KV?$allocator@_K@std@@@1@_K@Z 00000001800538a0 f i collisioncodegen_CollisionGeometry.obj
 0001:000528d0       ??A?$vector@_KV?$allocator@_K@std@@@std@@QEBAAEB_K_K@Z 00000001800538d0 f i collisioncodegen_CollisionGeometry.obj
 0001:00052900       ??Bsentry@?$basic_ostream@DU?$char_traits@D@std@@@std@@QEBA_NXZ 0000000180053900 f i collisioncodegen_CollisionGeometry.obj
 0001:00052910       ??G?$_Vector_const_iterator@V?$_Vector_val@U?$_Simple_types@N@std@@@std@@@std@@QEBA_JAEBV01@@Z 0000000180053910 f i collisioncodegen_CollisionGeometry.obj
 0001:00052950       ??_G?$vector@_KV?$allocator@_K@std@@@std@@QEAAPEAXI@Z 0000000180053950 f i collisioncodegen_CollisionGeometry.obj
 0001:00052990       ??_GCollisionGeometry@shared_robotics@@UEAAPEAXI@Z 0000000180053990 f i collisioncodegen_CollisionGeometry.obj
 0001:00052990       ??_ECollisionGeometry@shared_robotics@@UEAAPEAXI@Z 0000000180053990 f i collisioncodegen_CollisionGeometry.obj
 0001:000529d0       ??_Gbad_alloc@std@@UEAAPEAXI@Z 00000001800539d0 f i collisioncodegen_CollisionGeometry.obj
 0001:000529d0       ??_Ebad_alloc@std@@UEAAPEAXI@Z 00000001800539d0 f i collisioncodegen_CollisionGeometry.obj
 0001:00052a10       ??_Gbad_array_new_length@std@@UEAAPEAXI@Z 0000000180053a10 f i collisioncodegen_CollisionGeometry.obj
 0001:00052a10       ??_Ebad_array_new_length@std@@UEAAPEAXI@Z 0000000180053a10 f i collisioncodegen_CollisionGeometry.obj
 0001:00052a50       ??_Eexception@std@@UEAAPEAXI@Z 0000000180053a50 f i collisioncodegen_CollisionGeometry.obj
 0001:00052a50       ??_Gexception@std@@UEAAPEAXI@Z 0000000180053a50 f i collisioncodegen_CollisionGeometry.obj
 0001:00052a90       ?_Adjust_manually_vector_aligned@std@@YAXAEAPEAXAEA_K@Z 0000000180053a90 f i collisioncodegen_CollisionGeometry.obj
 0001:00052b30       ?_Adopt@_Iterator_base0@std@@QEAAXPEBX@Z 0000000180053b30 f i collisioncodegen_CollisionGeometry.obj
 0001:00052b40       ?_Alloc_proxy@_Container_base0@std@@QEAAXAEBU_Fake_allocator@2@@Z 0000000180053b40 f i collisioncodegen_CollisionGeometry.obj
 0001:00052b50       ?_Allocate@_Default_allocate_traits@std@@SAPEAX_K@Z 0000000180053b50 f i collisioncodegen_CollisionGeometry.obj
 0001:00052b70       ?_Calculate_growth@?$vector@NV?$allocator@N@std@@@std@@AEBA_K_K@Z 0000000180053b70 f i collisioncodegen_CollisionGeometry.obj
 0001:00052c00       ?_Calculate_growth@?$vector@V?$vector@_KV?$allocator@_K@std@@@std@@V?$allocator@V?$vector@_KV?$allocator@_K@std@@@std@@@2@@std@@AEBA_K_K@Z 0000000180053c00 f i collisioncodegen_CollisionGeometry.obj
 0001:00052c90       ?_Calculate_growth@?$vector@_KV?$allocator@_K@std@@@std@@AEBA_K_K@Z 0000000180053c90 f i collisioncodegen_CollisionGeometry.obj
 0001:00052d20       ?_Change_array@?$vector@NV?$allocator@N@std@@@std@@AEAAXQEAN_K1@Z 0000000180053d20 f i collisioncodegen_CollisionGeometry.obj
 0001:00052e20       ?_Change_array@?$vector@V?$vector@_KV?$allocator@_K@std@@@std@@V?$allocator@V?$vector@_KV?$allocator@_K@std@@@std@@@2@@std@@AEAAXQEAV?$vector@_KV?$allocator@_K@std@@@2@_K1@Z 0000000180053e20 f i collisioncodegen_CollisionGeometry.obj
 0001:00052f20       ?_Change_array@?$vector@_KV?$allocator@_K@std@@@std@@AEAAXQEA_K_K1@Z 0000000180053f20 f i collisioncodegen_CollisionGeometry.obj
 0001:00053020       ?_Compat@?$_Vector_const_iterator@V?$_Vector_val@U?$_Simple_types@N@std@@@std@@@std@@QEBAXAEBV12@@Z 0000000180054020 f i collisioncodegen_CollisionGeometry.obj
 0001:00053030       ?_Destroy@?$vector@NV?$allocator@N@std@@@std@@AEAAXPEAN0@Z 0000000180054030 f i collisioncodegen_CollisionGeometry.obj
 0001:00053070       ?_Destroy@?$vector@U_ccd_vec3_t@@V?$allocator@U_ccd_vec3_t@@@std@@@std@@AEAAXPEAU_ccd_vec3_t@@0@Z 0000000180054070 f i collisioncodegen_CollisionGeometry.obj
 0001:000530b0       ?_Destroy@?$vector@U_idx_vec3_t@shared_robotics@@V?$allocator@U_idx_vec3_t@shared_robotics@@@std@@@std@@AEAAXPEAU_idx_vec3_t@shared_robotics@@0@Z 00000001800540b0 f i collisioncodegen_CollisionGeometry.obj
 0001:000530f0       ?_Destroy@?$vector@V?$vector@_KV?$allocator@_K@std@@@std@@V?$allocator@V?$vector@_KV?$allocator@_K@std@@@std@@@2@@std@@AEAAXPEAV?$vector@_KV?$allocator@_K@std@@@2@0@Z 00000001800540f0 f i collisioncodegen_CollisionGeometry.obj
 0001:00053130       ?_Destroy@?$vector@_KV?$allocator@_K@std@@@std@@AEAAXPEA_K0@Z 0000000180054130 f i collisioncodegen_CollisionGeometry.obj
 0001:00053170       ?_Get_first@?$_Compressed_pair@V?$allocator@N@std@@V?$_Vector_val@U?$_Simple_types@N@std@@@2@$00@std@@QEAAAEAV?$allocator@N@2@XZ 0000000180054170 f i collisioncodegen_CollisionGeometry.obj
 0001:00053180       ?_Get_first@?$_Compressed_pair@V?$allocator@N@std@@V?$_Vector_val@U?$_Simple_types@N@std@@@2@$00@std@@QEBAAEBV?$allocator@N@2@XZ 0000000180054180 f i collisioncodegen_CollisionGeometry.obj
 0001:00053190       ?_Get_first@?$_Compressed_pair@V?$allocator@U_ccd_vec3_t@@@std@@V?$_Vector_val@U?$_Simple_types@U_ccd_vec3_t@@@std@@@2@$00@std@@QEAAAEAV?$allocator@U_ccd_vec3_t@@@2@XZ 0000000180054190 f i collisioncodegen_CollisionGeometry.obj
 0001:000531a0       ?_Get_first@?$_Compressed_pair@V?$allocator@U_idx_vec3_t@shared_robotics@@@std@@V?$_Vector_val@U?$_Simple_types@U_idx_vec3_t@shared_robotics@@@std@@@2@$00@std@@QEAAAEAV?$allocator@U_idx_vec3_t@shared_robotics@@@2@XZ 00000001800541a0 f i collisioncodegen_CollisionGeometry.obj
 0001:000531b0       ?_Get_first@?$_Compressed_pair@V?$allocator@V?$vector@_KV?$allocator@_K@std@@@std@@@std@@V?$_Vector_val@U?$_Simple_types@V?$vector@_KV?$allocator@_K@std@@@std@@@std@@@2@$00@std@@QEAAAEAV?$allocator@V?$vector@_KV?$allocator@_K@std@@@std@@@2@XZ 00000001800541b0 f i collisioncodegen_CollisionGeometry.obj
 0001:000531c0       ?_Get_first@?$_Compressed_pair@V?$allocator@V?$vector@_KV?$allocator@_K@std@@@std@@@std@@V?$_Vector_val@U?$_Simple_types@V?$vector@_KV?$allocator@_K@std@@@std@@@std@@@2@$00@std@@QEBAAEBV?$allocator@V?$vector@_KV?$allocator@_K@std@@@std@@@2@XZ 00000001800541c0 f i collisioncodegen_CollisionGeometry.obj
 0001:000531d0       ?_Get_first@?$_Compressed_pair@V?$allocator@_K@std@@V?$_Vector_val@U?$_Simple_types@_K@std@@@2@$00@std@@QEAAAEAV?$allocator@_K@2@XZ 00000001800541d0 f i collisioncodegen_CollisionGeometry.obj
 0001:000531e0       ?_Get_first@?$_Compressed_pair@V?$allocator@_K@std@@V?$_Vector_val@U?$_Simple_types@_K@std@@@2@$00@std@@QEBAAEBV?$allocator@_K@2@XZ 00000001800541e0 f i collisioncodegen_CollisionGeometry.obj
 0001:000531f0       ?_Getal@?$vector@NV?$allocator@N@std@@@std@@AEAAAEAV?$allocator@N@2@XZ 00000001800541f0 f i collisioncodegen_CollisionGeometry.obj
 0001:00053210       ?_Getal@?$vector@NV?$allocator@N@std@@@std@@AEBAAEBV?$allocator@N@2@XZ 0000000180054210 f i collisioncodegen_CollisionGeometry.obj
 0001:00053230       ?_Getal@?$vector@U_ccd_vec3_t@@V?$allocator@U_ccd_vec3_t@@@std@@@std@@AEAAAEAV?$allocator@U_ccd_vec3_t@@@2@XZ 0000000180054230 f i collisioncodegen_CollisionGeometry.obj
 0001:00053250       ?_Getal@?$vector@U_idx_vec3_t@shared_robotics@@V?$allocator@U_idx_vec3_t@shared_robotics@@@std@@@std@@AEAAAEAV?$allocator@U_idx_vec3_t@shared_robotics@@@2@XZ 0000000180054250 f i collisioncodegen_CollisionGeometry.obj
 0001:00053270       ?_Getal@?$vector@V?$vector@_KV?$allocator@_K@std@@@std@@V?$allocator@V?$vector@_KV?$allocator@_K@std@@@std@@@2@@std@@AEAAAEAV?$allocator@V?$vector@_KV?$allocator@_K@std@@@std@@@2@XZ 0000000180054270 f i collisioncodegen_CollisionGeometry.obj
 0001:00053290       ?_Getal@?$vector@V?$vector@_KV?$allocator@_K@std@@@std@@V?$allocator@V?$vector@_KV?$allocator@_K@std@@@std@@@2@@std@@AEBAAEBV?$allocator@V?$vector@_KV?$allocator@_K@std@@@std@@@2@XZ 0000000180054290 f i collisioncodegen_CollisionGeometry.obj
 0001:000532b0       ?_Getal@?$vector@_KV?$allocator@_K@std@@@std@@AEAAAEAV?$allocator@_K@2@XZ 00000001800542b0 f i collisioncodegen_CollisionGeometry.obj
 0001:000532d0       ?_Getal@?$vector@_KV?$allocator@_K@std@@@std@@AEBAAEBV?$allocator@_K@2@XZ 00000001800542d0 f i collisioncodegen_CollisionGeometry.obj
 0001:000532f0       ?_Orphan_all@_Container_base0@std@@QEAAXXZ 00000001800542f0 f i collisioncodegen_CollisionGeometry.obj
 0001:00053300       ?_Orphan_range@?$vector@NV?$allocator@N@std@@@std@@AEBAXPEAN0@Z 0000000180054300 f i collisioncodegen_CollisionGeometry.obj
 0001:00053310       ?_Orphan_range@?$vector@V?$vector@_KV?$allocator@_K@std@@@std@@V?$allocator@V?$vector@_KV?$allocator@_K@std@@@std@@@2@@std@@AEBAXPEAV?$vector@_KV?$allocator@_K@std@@@2@0@Z 0000000180054310 f i collisioncodegen_CollisionGeometry.obj
 0001:00053320       ?_Orphan_range@?$vector@_KV?$allocator@_K@std@@@std@@AEBAXPEA_K0@Z 0000000180054320 f i collisioncodegen_CollisionGeometry.obj
 0001:00053330       ?_Release@?$_Uninitialized_backout_al@V?$allocator@N@std@@@std@@QEAAPEANXZ 0000000180054330 f i collisioncodegen_CollisionGeometry.obj
 0001:00053350       ?_Release@?$_Uninitialized_backout_al@V?$allocator@V?$vector@_KV?$allocator@_K@std@@@std@@@std@@@std@@QEAAPEAV?$vector@_KV?$allocator@_K@std@@@2@XZ 0000000180054350 f i collisioncodegen_CollisionGeometry.obj
 0001:00053370       ?_Release@?$_Uninitialized_backout_al@V?$allocator@_K@std@@@std@@QEAAPEA_KXZ 0000000180054370 f i collisioncodegen_CollisionGeometry.obj
 0001:00053390       ?_Seek_to@?$_Vector_const_iterator@V?$_Vector_val@U?$_Simple_types@N@std@@@std@@@std@@QEAAXPEBN@Z 0000000180054390 f i collisioncodegen_CollisionGeometry.obj
 0001:000533c0       ?_Seek_to@?$_Vector_const_iterator@V?$_Vector_val@U?$_Simple_types@_K@std@@@std@@@std@@QEAAXPEB_K@Z 00000001800543c0 f i collisioncodegen_CollisionGeometry.obj
 0001:000533f0       ?_Swap_proxy_and_iterators@_Container_base0@std@@QEAAXAEAU12@@Z 00000001800543f0 f i collisioncodegen_CollisionGeometry.obj
 0001:00053400       ?_Throw_bad_array_new_length@std@@YAXXZ 0000000180054400 f i collisioncodegen_CollisionGeometry.obj
 0001:00053430       ?_Tidy@?$vector@NV?$allocator@N@std@@@std@@AEAAXXZ 0000000180054430 f i collisioncodegen_CollisionGeometry.obj
 0001:00053500       ?_Tidy@?$vector@U_ccd_vec3_t@@V?$allocator@U_ccd_vec3_t@@@std@@@std@@AEAAXXZ 0000000180054500 f i collisioncodegen_CollisionGeometry.obj
 0001:000535e0       ?_Tidy@?$vector@U_idx_vec3_t@shared_robotics@@V?$allocator@U_idx_vec3_t@shared_robotics@@@std@@@std@@AEAAXXZ 00000001800545e0 f i collisioncodegen_CollisionGeometry.obj
 0001:000536c0       ?_Tidy@?$vector@V?$vector@_KV?$allocator@_K@std@@@std@@V?$allocator@V?$vector@_KV?$allocator@_K@std@@@std@@@2@@std@@AEAAXXZ 00000001800546c0 f i collisioncodegen_CollisionGeometry.obj
 0001:000537a0       ?_Tidy@?$vector@_KV?$allocator@_K@std@@@std@@AEAAXXZ 00000001800547a0 f i collisioncodegen_CollisionGeometry.obj
 0001:00053870       ?_Ufill@?$vector@V?$vector@_KV?$allocator@_K@std@@@std@@V?$allocator@V?$vector@_KV?$allocator@_K@std@@@std@@@2@@std@@AEAAPEAV?$vector@_KV?$allocator@_K@std@@@2@PEAV32@_KU_Value_init_tag@2@@Z 0000000180054870 f i collisioncodegen_CollisionGeometry.obj
 0001:000538b0       ?_Ufill@?$vector@_KV?$allocator@_K@std@@@std@@AEAAPEA_KPEA_K_KU_Value_init_tag@2@@Z 00000001800548b0 f i collisioncodegen_CollisionGeometry.obj
 0001:000538f0       ?_Umove@?$vector@NV?$allocator@N@std@@@std@@AEAAPEANPEAN00@Z 00000001800548f0 f i collisioncodegen_CollisionGeometry.obj
 0001:00053930       ?_Umove@?$vector@_KV?$allocator@_K@std@@@std@@AEAAPEA_KPEA_K00@Z 0000000180054930 f i collisioncodegen_CollisionGeometry.obj
 0001:00053970       ?_Umove_if_noexcept1@?$vector@NV?$allocator@N@std@@@std@@AEAAXPEAN00U?$integral_constant@_N$00@2@@Z 0000000180054970 f i collisioncodegen_CollisionGeometry.obj
 0001:000539b0       ?_Umove_if_noexcept1@?$vector@V?$vector@_KV?$allocator@_K@std@@@std@@V?$allocator@V?$vector@_KV?$allocator@_K@std@@@std@@@2@@std@@AEAAXPEAV?$vector@_KV?$allocator@_K@std@@@2@00U?$integral_constant@_N$00@2@@Z 00000001800549b0 f i collisioncodegen_CollisionGeometry.obj
 0001:000539f0       ?_Umove_if_noexcept1@?$vector@_KV?$allocator@_K@std@@@std@@AEAAXPEA_K00U?$integral_constant@_N$00@2@@Z 00000001800549f0 f i collisioncodegen_CollisionGeometry.obj
 0001:00053a30       ?_Umove_if_noexcept@?$vector@NV?$allocator@N@std@@@std@@AEAAXPEAN00@Z 0000000180054a30 f i collisioncodegen_CollisionGeometry.obj
 0001:00053a90       ?_Umove_if_noexcept@?$vector@V?$vector@_KV?$allocator@_K@std@@@std@@V?$allocator@V?$vector@_KV?$allocator@_K@std@@@std@@@2@@std@@AEAAXPEAV?$vector@_KV?$allocator@_K@std@@@2@00@Z 0000000180054a90 f i collisioncodegen_CollisionGeometry.obj
 0001:00053af0       ?_Umove_if_noexcept@?$vector@_KV?$allocator@_K@std@@@std@@AEAAXPEA_K00@Z 0000000180054af0 f i collisioncodegen_CollisionGeometry.obj
 0001:00053b50       ?_Unchecked_begin@?$vector@U_ccd_vec3_t@@V?$allocator@U_ccd_vec3_t@@@std@@@std@@QEBAPEBU_ccd_vec3_t@@XZ 0000000180054b50 f i collisioncodegen_CollisionGeometry.obj
 0001:00053b60       ?_Unchecked_end@?$vector@U_ccd_vec3_t@@V?$allocator@U_ccd_vec3_t@@@std@@@std@@QEBAPEBU_ccd_vec3_t@@XZ 0000000180054b60 f i collisioncodegen_CollisionGeometry.obj
 0001:00053b70       ?_Unwrapped@?$_Vector_iterator@V?$_Vector_val@U?$_Simple_types@N@std@@@std@@@std@@QEBAPEANXZ 0000000180054b70 f i collisioncodegen_CollisionGeometry.obj
 0001:00053b90       ?_Unwrapped@?$_Vector_iterator@V?$_Vector_val@U?$_Simple_types@_K@std@@@std@@@std@@QEBAPEA_KXZ 0000000180054b90 f i collisioncodegen_CollisionGeometry.obj
 0001:00053bb0       ?_Xlength@?$vector@NV?$allocator@N@std@@@std@@CAXXZ 0000000180054bb0 f i collisioncodegen_CollisionGeometry.obj
 0001:00053bd0       ?_Xlength@?$vector@V?$vector@_KV?$allocator@_K@std@@@std@@V?$allocator@V?$vector@_KV?$allocator@_K@std@@@std@@@2@@std@@CAXXZ 0000000180054bd0 f i collisioncodegen_CollisionGeometry.obj
 0001:00053bf0       ?_Xlength@?$vector@_KV?$allocator@_K@std@@@std@@CAXXZ 0000000180054bf0 f i collisioncodegen_CollisionGeometry.obj
 0001:00053c10       ?allocate@?$allocator@N@std@@QEAAPEAN_K@Z 0000000180054c10 f i collisioncodegen_CollisionGeometry.obj
 0001:00053c40       ?allocate@?$allocator@V?$vector@_KV?$allocator@_K@std@@@std@@@std@@QEAAPEAV?$vector@_KV?$allocator@_K@std@@@2@_K@Z 0000000180054c40 f i collisioncodegen_CollisionGeometry.obj
 0001:00053c70       ?allocate@?$allocator@_K@std@@QEAAPEA_K_K@Z 0000000180054c70 f i collisioncodegen_CollisionGeometry.obj
 0001:00053ca0       ?begin@?$vector@NV?$allocator@N@std@@@std@@QEAA?AV?$_Vector_iterator@V?$_Vector_val@U?$_Simple_types@N@std@@@std@@@2@XZ 0000000180054ca0 f i collisioncodegen_CollisionGeometry.obj
 0001:00053cf0       ?begin@?$vector@_KV?$allocator@_K@std@@@std@@QEAA?AV?$_Vector_iterator@V?$_Vector_val@U?$_Simple_types@_K@std@@@std@@@2@XZ 0000000180054cf0 f i collisioncodegen_CollisionGeometry.obj
 0001:00053d40       ?capacity@?$vector@NV?$allocator@N@std@@@std@@QEBA_KXZ 0000000180054d40 f i collisioncodegen_CollisionGeometry.obj
 0001:00053d70       ?capacity@?$vector@V?$vector@_KV?$allocator@_K@std@@@std@@V?$allocator@V?$vector@_KV?$allocator@_K@std@@@std@@@2@@std@@QEBA_KXZ 0000000180054d70 f i collisioncodegen_CollisionGeometry.obj
 0001:00053db0       ?capacity@?$vector@_KV?$allocator@_K@std@@@std@@QEBA_KXZ 0000000180054db0 f i collisioncodegen_CollisionGeometry.obj
 0001:00053de0       ?clear@?$vector@_KV?$allocator@_K@std@@@std@@QEAAXXZ 0000000180054de0 f i collisioncodegen_CollisionGeometry.obj
 0001:00053e50       ?deallocate@?$allocator@N@std@@QEAAXQEAN_K@Z 0000000180054e50 f i collisioncodegen_CollisionGeometry.obj
 0001:00053e80       ?deallocate@?$allocator@U_ccd_vec3_t@@@std@@QEAAXQEAU_ccd_vec3_t@@_K@Z 0000000180054e80 f i collisioncodegen_CollisionGeometry.obj
 0001:00053eb0       ?deallocate@?$allocator@U_idx_vec3_t@shared_robotics@@@std@@QEAAXQEAU_idx_vec3_t@shared_robotics@@_K@Z 0000000180054eb0 f i collisioncodegen_CollisionGeometry.obj
 0001:00053ee0       ?deallocate@?$allocator@V?$vector@_KV?$allocator@_K@std@@@std@@@std@@QEAAXQEAV?$vector@_KV?$allocator@_K@std@@@2@_K@Z 0000000180054ee0 f i collisioncodegen_CollisionGeometry.obj
 0001:00053f10       ?deallocate@?$allocator@_K@std@@QEAAXQEA_K_K@Z 0000000180054f10 f i collisioncodegen_CollisionGeometry.obj
 0001:00053f40       ?end@?$vector@NV?$allocator@N@std@@@std@@QEAA?AV?$_Vector_iterator@V?$_Vector_val@U?$_Simple_types@N@std@@@std@@@2@XZ 0000000180054f40 f i collisioncodegen_CollisionGeometry.obj
 0001:00053f90       ?end@?$vector@_KV?$allocator@_K@std@@@std@@QEAA?AV?$_Vector_iterator@V?$_Vector_val@U?$_Simple_types@_K@std@@@std@@@2@XZ 0000000180054f90 f i collisioncodegen_CollisionGeometry.obj
 0001:00053fe0       ?eof@?$_Narrow_char_traits@DH@std@@SAHXZ 0000000180054fe0 f i collisioncodegen_CollisionGeometry.obj
 0001:00053ff0       ?eq_int_type@?$_Narrow_char_traits@DH@std@@SA_NAEBH0@Z 0000000180054ff0 f i collisioncodegen_CollisionGeometry.obj
 0001:00054030       ?erase@?$vector@_KV?$allocator@_K@std@@@std@@QEAA?AV?$_Vector_iterator@V?$_Vector_val@U?$_Simple_types@_K@std@@@std@@@2@V?$_Vector_const_iterator@V?$_Vector_val@U?$_Simple_types@_K@std@@@std@@@2@0@Z 0000000180055030 f i collisioncodegen_CollisionGeometry.obj
 0001:00054100       ?length@?$_Narrow_char_traits@DH@std@@SA_KQEBD@Z 0000000180055100 f i collisioncodegen_CollisionGeometry.obj
 0001:00054120       ?max@?$numeric_limits@_J@std@@SA_JXZ 0000000180055120 f i collisioncodegen_CollisionGeometry.obj
 0001:00054130       ?max_size@?$_Default_allocator_traits@V?$allocator@N@std@@@std@@SA_KAEBV?$allocator@N@2@@Z 0000000180055130 f i collisioncodegen_CollisionGeometry.obj
 0001:00054140       ?max_size@?$_Default_allocator_traits@V?$allocator@V?$vector@_KV?$allocator@_K@std@@@std@@@std@@@std@@SA_KAEBV?$allocator@V?$vector@_KV?$allocator@_K@std@@@std@@@2@@Z 0000000180055140 f i collisioncodegen_CollisionGeometry.obj
 0001:00054150       ?max_size@?$_Default_allocator_traits@V?$allocator@_K@std@@@std@@SA_KAEBV?$allocator@_K@2@@Z 0000000180055150 f i collisioncodegen_CollisionGeometry.obj
 0001:00054160       ?max_size@?$vector@NV?$allocator@N@std@@@std@@QEBA_KXZ 0000000180055160 f i collisioncodegen_CollisionGeometry.obj
 0001:000541b0       ?max_size@?$vector@V?$vector@_KV?$allocator@_K@std@@@std@@V?$allocator@V?$vector@_KV?$allocator@_K@std@@@std@@@2@@std@@QEBA_KXZ 00000001800551b0 f i collisioncodegen_CollisionGeometry.obj
 0001:00054200       ?max_size@?$vector@_KV?$allocator@_K@std@@@std@@QEBA_KXZ 0000000180055200 f i collisioncodegen_CollisionGeometry.obj
 0001:00054250       ?push_back@?$vector@NV?$allocator@N@std@@@std@@QEAAX$$QEAN@Z 0000000180055250 f i collisioncodegen_CollisionGeometry.obj
 0001:00054280       ?push_back@?$vector@_KV?$allocator@_K@std@@@std@@QEAAXAEB_K@Z 0000000180055280 f i collisioncodegen_CollisionGeometry.obj
 0001:000542b0       ?resize@?$vector@V?$vector@_KV?$allocator@_K@std@@@std@@V?$allocator@V?$vector@_KV?$allocator@_K@std@@@std@@@2@@std@@QEAAX_K@Z 00000001800552b0 f i collisioncodegen_CollisionGeometry.obj
 0001:000542e0       ?resize@?$vector@_KV?$allocator@_K@std@@@std@@QEAAX_K@Z 00000001800552e0 f i collisioncodegen_CollisionGeometry.obj
 0001:00054310       ?sign@CollisionGeometry@shared_robotics@@IEBAHN@Z 0000000180055310 f i collisioncodegen_CollisionGeometry.obj
 0001:00054360       ?size@?$vector@_KV?$allocator@_K@std@@@std@@QEBA_KXZ 0000000180055360 f i collisioncodegen_CollisionGeometry.obj
 0001:00054390       ?what@exception@std@@UEBAPEBDXZ 0000000180055390 f i collisioncodegen_CollisionGeometry.obj
 0001:00054440       collisioncodegen_makeBox   0000000180055440 f   collisioncodegen_api.obj
 0001:000544c0       collisioncodegen_makeSphere 00000001800554c0 f   collisioncodegen_api.obj
 0001:00054520       collisioncodegen_makeCylinder 0000000180055520 f   collisioncodegen_api.obj
 0001:00054590       collisioncodegen_makeCapsule 0000000180055590 f   collisioncodegen_api.obj
 0001:00054610       collisioncodegen_makeMesh  0000000180055610 f   collisioncodegen_api.obj
 0001:00054680       collisioncodegen_intersect 0000000180055680 f   collisioncodegen_api.obj
 0001:00054710       collisioncodegen_destructGeometry 0000000180055710 f   collisioncodegen_api.obj
 0001:00054770       collisioncodegen_copyGeometry 0000000180055770 f   collisioncodegen_api.obj
 0001:000547e0       collisioncodegen_getVertices 00000001800557e0 f   collisioncodegen_api.obj
 0001:000548b0       collisioncodegen_getNumVertices 00000001800558b0 f   collisioncodegen_api.obj
 0001:00054900       collisioncodegen_getX      0000000180055900 f   collisioncodegen_api.obj
 0001:00054920       collisioncodegen_getY      0000000180055920 f   collisioncodegen_api.obj
 0001:00054940       collisioncodegen_getZ      0000000180055940 f   collisioncodegen_api.obj
 0001:00054960       collisioncodegen_getRadius 0000000180055960 f   collisioncodegen_api.obj
 0001:00054980       collisioncodegen_getLength 0000000180055980 f   collisioncodegen_api.obj
 0001:000549a0       collisioncodegen_getType   00000001800559a0 f   collisioncodegen_api.obj
 0001:00054a40       ??$?0$$V@?$_Compressed_pair@V?$allocator@D@std@@V?$_String_val@U?$_Simple_types@D@std@@@2@$00@std@@QEAA@U_Zero_then_variadic_args_t@1@@Z 0000000180055a40 f i collisioncodegen_api.obj
 0001:00054a70       ??$?0$$V@?$_Compressed_pair@V?$allocator@U_ccd_vec3_t@@@std@@V?$_Vector_val@U?$_Simple_types@U_ccd_vec3_t@@@std@@@2@$00@std@@QEAA@U_Zero_then_variadic_args_t@1@@Z 0000000180055a70 f i collisioncodegen_api.obj
 0001:00054aa0       ??$?0$$V@?$_Compressed_pair@V?$allocator@U_idx_vec3_t@shared_robotics@@@std@@V?$_Vector_val@U?$_Simple_types@U_idx_vec3_t@shared_robotics@@@std@@@2@$00@std@@QEAA@U_Zero_then_variadic_args_t@1@@Z 0000000180055aa0 f i collisioncodegen_api.obj
 0001:00054ad0       ??$?0$$V@?$_Compressed_pair@V?$allocator@V?$vector@_KV?$allocator@_K@std@@@std@@@std@@V?$_Vector_val@U?$_Simple_types@V?$vector@_KV?$allocator@_K@std@@@std@@@std@@@2@$00@std@@QEAA@U_Zero_then_variadic_args_t@1@@Z 0000000180055ad0 f i collisioncodegen_api.obj
 0001:00054b00       ??$?0V?$allocator@U_ccd_vec3_t@@@std@@$$V@?$_Compressed_pair@V?$allocator@U_ccd_vec3_t@@@std@@V?$_Vector_val@U?$_Simple_types@U_ccd_vec3_t@@@std@@@2@$00@std@@QEAA@U_One_then_variadic_args_t@1@$$QEAV?$allocator@U_ccd_vec3_t@@@1@@Z 0000000180055b00 f i collisioncodegen_api.obj
 0001:00054b40       ??$?0V?$allocator@U_idx_vec3_t@shared_robotics@@@std@@$$V@?$_Compressed_pair@V?$allocator@U_idx_vec3_t@shared_robotics@@@std@@V?$_Vector_val@U?$_Simple_types@U_idx_vec3_t@shared_robotics@@@std@@@2@$00@std@@QEAA@U_One_then_variadic_args_t@1@$$QEAV?$allocator@U_idx_vec3_t@shared_robotics@@@1@@Z 0000000180055b40 f i collisioncodegen_api.obj
 0001:00054b80       ??$?0V?$allocator@V?$vector@_KV?$allocator@_K@std@@@std@@@std@@$$V@?$_Compressed_pair@V?$allocator@V?$vector@_KV?$allocator@_K@std@@@std@@@std@@V?$_Vector_val@U?$_Simple_types@V?$vector@_KV?$allocator@_K@std@@@std@@@std@@@2@$00@std@@QEAA@U_One_then_variadic_args_t@1@$$QEAV?$allocator@V?$vector@_KV?$allocator@_K@std@@@std@@@1@@Z 0000000180055b80 f i collisioncodegen_api.obj
 0001:00054bc0       ??$?0V?$allocator@_K@std@@$$V@?$_Compressed_pair@V?$allocator@_K@std@@V?$_Vector_val@U?$_Simple_types@_K@std@@@2@$00@std@@QEAA@U_One_then_variadic_args_t@1@$$QEAV?$allocator@_K@1@@Z 0000000180055bc0 f i collisioncodegen_api.obj
 0001:00054c00       ??$_Construct_in_place@PEADAEBQEAD@std@@YAXAEAPEADAEBQEAD@Z 0000000180055c00 f i collisioncodegen_api.obj
 0001:00054c50       ??$_Convert_size@_K@std@@YA_K_K@Z 0000000180055c50 f i collisioncodegen_api.obj
 0001:00054c60       ??$_Copy_memmove@PEAU_ccd_vec3_t@@PEAU1@@std@@YAPEAU_ccd_vec3_t@@PEAU1@00@Z 0000000180055c60 f i collisioncodegen_api.obj
 0001:00054d00       ??$_Copy_memmove@PEAU_idx_vec3_t@shared_robotics@@PEAU12@@std@@YAPEAU_idx_vec3_t@shared_robotics@@PEAU12@00@Z 0000000180055d00 f i collisioncodegen_api.obj
 0001:00054da0       ??$_Destroy_in_place@PEAD@std@@YAXAEAPEAD@Z 0000000180055da0 f i collisioncodegen_api.obj
 0001:00054db0       ??$_Emplace_back@AEAU_ccd_vec3_t@@@?$_Uninitialized_backout_al@V?$allocator@U_ccd_vec3_t@@@std@@@std@@QEAAXAEAU_ccd_vec3_t@@@Z 0000000180055db0 f i collisioncodegen_api.obj
 0001:00054e10       ??$_Emplace_back@AEAU_idx_vec3_t@shared_robotics@@@?$_Uninitialized_backout_al@V?$allocator@U_idx_vec3_t@shared_robotics@@@std@@@std@@QEAAXAEAU_idx_vec3_t@shared_robotics@@@Z 0000000180055e10 f i collisioncodegen_api.obj
 0001:00054e70       ??$_Emplace_back@AEAV?$vector@_KV?$allocator@_K@std@@@std@@@?$_Uninitialized_backout_al@V?$allocator@V?$vector@_KV?$allocator@_K@std@@@std@@@std@@@std@@QEAAXAEAV?$vector@_KV?$allocator@_K@std@@@1@@Z 0000000180055e70 f i collisioncodegen_api.obj
 0001:00054ed0       ??$_Emplace_back@AEA_K@?$_Uninitialized_backout_al@V?$allocator@_K@std@@@std@@QEAAXAEA_K@Z 0000000180055ed0 f i collisioncodegen_api.obj
 0001:00054f30       ??$_Emplace_back@U_ccd_vec3_t@@@?$_Uninitialized_backout_al@V?$allocator@U_ccd_vec3_t@@@std@@@std@@QEAAX$$QEAU_ccd_vec3_t@@@Z 0000000180055f30 f i collisioncodegen_api.obj
 0001:00054f90       ??$_Emplace_back_with_unused_capacity@AEBU_ccd_vec3_t@@@?$vector@U_ccd_vec3_t@@V?$allocator@U_ccd_vec3_t@@@std@@@std@@AEAA?A_TAEBU_ccd_vec3_t@@@Z 0000000180055f90 f i collisioncodegen_api.obj
 0001:00055040       ??$_Emplace_reallocate@AEBU_ccd_vec3_t@@@?$vector@U_ccd_vec3_t@@V?$allocator@U_ccd_vec3_t@@@std@@@std@@QEAAPEAU_ccd_vec3_t@@QEAU2@AEBU2@@Z 0000000180056040 f i collisioncodegen_api.obj
 0001:00055270       ??$_Get_size_of_n@$00@std@@YA_K_K@Z 0000000180056270 f i collisioncodegen_api.obj
 0001:00055290       ??$_Get_unwrapped@AEBQEAU_ccd_vec3_t@@@std@@YA?A_TAEBQEAU_ccd_vec3_t@@@Z 0000000180056290 f i collisioncodegen_api.obj
 0001:000552a0       ??$_Get_unwrapped@AEBQEAU_idx_vec3_t@shared_robotics@@@std@@YA?A_TAEBQEAU_idx_vec3_t@shared_robotics@@@Z 00000001800562a0 f i collisioncodegen_api.obj
 0001:000552b0       ??$_Reallocate_for@V<lambda_66f57f934f28d61049862f64df852ff0>@@PEBD@?$basic_string@DU?$char_traits@D@std@@V?$allocator@D@2@@std@@AEAAAEAV01@_KV<lambda_66f57f934f28d61049862f64df852ff0>@@PEBD@Z 00000001800562b0 f i collisioncodegen_api.obj
 0001:000553d0       ??$_To_address@PEAU_ccd_vec3_t@@@std@@YA?A_PAEBQEAU_ccd_vec3_t@@@Z 00000001800563d0 f i collisioncodegen_api.obj
 0001:000553e0       ??$_To_address@PEAU_idx_vec3_t@shared_robotics@@@std@@YA?A_PAEBQEAU_idx_vec3_t@shared_robotics@@@Z 00000001800563e0 f i collisioncodegen_api.obj
 0001:000553f0       ??$_Ucopy@PEAU_ccd_vec3_t@@@?$vector@U_ccd_vec3_t@@V?$allocator@U_ccd_vec3_t@@@std@@@std@@AEAAPEAU_ccd_vec3_t@@PEAU2@00@Z 00000001800563f0 f i collisioncodegen_api.obj
 0001:00055430       ??$_Ucopy@PEAU_idx_vec3_t@shared_robotics@@@?$vector@U_idx_vec3_t@shared_robotics@@V?$allocator@U_idx_vec3_t@shared_robotics@@@std@@@std@@AEAAPEAU_idx_vec3_t@shared_robotics@@PEAU23@00@Z 0000000180056430 f i collisioncodegen_api.obj
 0001:00055470       ??$_Ucopy@PEAV?$vector@_KV?$allocator@_K@std@@@std@@@?$vector@V?$vector@_KV?$allocator@_K@std@@@std@@V?$allocator@V?$vector@_KV?$allocator@_K@std@@@std@@@2@@std@@AEAAPEAV?$vector@_KV?$allocator@_K@std@@@1@PEAV21@00@Z 0000000180056470 f i collisioncodegen_api.obj
 0001:000554b0       ??$_Ucopy@PEA_K@?$vector@_KV?$allocator@_K@std@@@std@@AEAAPEA_KPEA_K00@Z 00000001800564b0 f i collisioncodegen_api.obj
 0001:000554f0       ??$_Unfancy@D@std@@YAPEADPEAD@Z 00000001800564f0 f i collisioncodegen_api.obj
 0001:00055500       ??$_Unfancy@U_ccd_vec3_t@@@std@@YAPEAU_ccd_vec3_t@@PEAU1@@Z 0000000180056500 f i collisioncodegen_api.obj
 0001:00055510       ??$_Unfancy@U_idx_vec3_t@shared_robotics@@@std@@YAPEAU_idx_vec3_t@shared_robotics@@PEAU12@@Z 0000000180056510 f i collisioncodegen_api.obj
 0001:00055520       ??$_Uninitialized_copy@PEAU_ccd_vec3_t@@V?$allocator@U_ccd_vec3_t@@@std@@@std@@YAPEAU_ccd_vec3_t@@QEAU1@0PEAU1@AEAV?$allocator@U_ccd_vec3_t@@@0@@Z 0000000180056520 f i collisioncodegen_api.obj
 0001:00055610       ??$_Uninitialized_copy@PEAU_idx_vec3_t@shared_robotics@@V?$allocator@U_idx_vec3_t@shared_robotics@@@std@@@std@@YAPEAU_idx_vec3_t@shared_robotics@@QEAU12@0PEAU12@AEAV?$allocator@U_idx_vec3_t@shared_robotics@@@0@@Z 0000000180056610 f i collisioncodegen_api.obj
 0001:00055700       ??$_Uninitialized_copy@PEAV?$vector@_KV?$allocator@_K@std@@@std@@V?$allocator@V?$vector@_KV?$allocator@_K@std@@@std@@@2@@std@@YAPEAV?$vector@_KV?$allocator@_K@std@@@0@QEAV10@0PEAV10@AEAV?$allocator@V?$vector@_KV?$allocator@_K@std@@@std@@@0@@Z 0000000180056700 f i collisioncodegen_api.obj
 0001:000557a0       ??$_Uninitialized_copy@PEA_KV?$allocator@_K@std@@@std@@YAPEA_KQEA_K0PEA_KAEAV?$allocator@_K@0@@Z 00000001800567a0 f i collisioncodegen_api.obj
 0001:00055880       ??$_Uninitialized_move@PEAU_ccd_vec3_t@@V?$allocator@U_ccd_vec3_t@@@std@@@std@@YAPEAU_ccd_vec3_t@@QEAU1@0PEAU1@AEAV?$allocator@U_ccd_vec3_t@@@0@@Z 0000000180056880 f i collisioncodegen_api.obj
 0001:00055970       ??$_Voidify_iter@PEAPEAD@std@@YAPEAXPEAPEAD@Z 0000000180056970 f i collisioncodegen_api.obj
 0001:00055980       ??$_Voidify_iter@PEAU_ccd_vec3_t@@@std@@YAPEAXPEAU_ccd_vec3_t@@@Z 0000000180056980 f i collisioncodegen_api.obj
 0001:00055990       ??$_Voidify_iter@PEAU_idx_vec3_t@shared_robotics@@@std@@YAPEAXPEAU_idx_vec3_t@shared_robotics@@@Z 0000000180056990 f i collisioncodegen_api.obj
 0001:000559a0       ??$addressof@PEAD@std@@YAPEAPEADAEAPEAD@Z 00000001800569a0 f i collisioncodegen_api.obj
 0001:000559b0       ??$construct@U_ccd_vec3_t@@AEAU1@@?$_Default_allocator_traits@V?$allocator@U_ccd_vec3_t@@@std@@@std@@SAXAEAV?$allocator@U_ccd_vec3_t@@@1@QEAU_ccd_vec3_t@@AEAU3@@Z 00000001800569b0 f i collisioncodegen_api.obj
 0001:00055a10       ??$construct@U_ccd_vec3_t@@AEBU1@@?$_Default_allocator_traits@V?$allocator@U_ccd_vec3_t@@@std@@@std@@SAXAEAV?$allocator@U_ccd_vec3_t@@@1@QEAU_ccd_vec3_t@@AEBU3@@Z 0000000180056a10 f i collisioncodegen_api.obj
 0001:00055a70       ??$construct@U_ccd_vec3_t@@U1@@?$_Default_allocator_traits@V?$allocator@U_ccd_vec3_t@@@std@@@std@@SAXAEAV?$allocator@U_ccd_vec3_t@@@1@QEAU_ccd_vec3_t@@$$QEAU3@@Z 0000000180056a70 f i collisioncodegen_api.obj
 0001:00055ad0       ??$construct@U_idx_vec3_t@shared_robotics@@AEAU12@@?$_Default_allocator_traits@V?$allocator@U_idx_vec3_t@shared_robotics@@@std@@@std@@SAXAEAV?$allocator@U_idx_vec3_t@shared_robotics@@@1@QEAU_idx_vec3_t@shared_robotics@@AEAU34@@Z 0000000180056ad0 f i collisioncodegen_api.obj
 0001:00055b30       ??$construct@V?$vector@_KV?$allocator@_K@std@@@std@@AEAV12@@?$_Default_allocator_traits@V?$allocator@V?$vector@_KV?$allocator@_K@std@@@std@@@std@@@std@@SAXAEAV?$allocator@V?$vector@_KV?$allocator@_K@std@@@std@@@1@QEAV?$vector@_KV?$allocator@_K@std@@@1@AEAV31@@Z 0000000180056b30 f i collisioncodegen_api.obj
 0001:00055b80       ??$construct@_KAEA_K@?$_Default_allocator_traits@V?$allocator@_K@std@@@std@@SAXAEAV?$allocator@_K@1@QEA_KAEA_K@Z 0000000180056b80 f i collisioncodegen_api.obj
 0001:00055bd0       ??$emplace_back@AEBU_ccd_vec3_t@@@?$vector@U_ccd_vec3_t@@V?$allocator@U_ccd_vec3_t@@@std@@@std@@QEAA?A_TAEBU_ccd_vec3_t@@@Z 0000000180056bd0 f i collisioncodegen_api.obj
 0001:00055c50       ??$forward@AEAU_ccd_vec3_t@@@std@@YAAEAU_ccd_vec3_t@@AEAU1@@Z 0000000180056c50 f i collisioncodegen_api.obj
 0001:00055c60       ??$forward@AEAU_idx_vec3_t@shared_robotics@@@std@@YAAEAU_idx_vec3_t@shared_robotics@@AEAU12@@Z 0000000180056c60 f i collisioncodegen_api.obj
 0001:00055c70       ??$forward@AEAV?$vector@_KV?$allocator@_K@std@@@std@@@std@@YAAEAV?$vector@_KV?$allocator@_K@std@@@0@AEAV10@@Z 0000000180056c70 f i collisioncodegen_api.obj
 0001:00055c80       ??$forward@AEA_K@std@@YAAEA_KAEA_K@Z 0000000180056c80 f i collisioncodegen_api.obj
 0001:00055c90       ??$forward@AEBQEAD@std@@YAAEBQEADAEBQEAD@Z 0000000180056c90 f i collisioncodegen_api.obj
 0001:00055ca0       ??$forward@AEBU_ccd_vec3_t@@@std@@YAAEBU_ccd_vec3_t@@AEBU1@@Z 0000000180056ca0 f i collisioncodegen_api.obj
 0001:00055cb0       ??$forward@U_ccd_vec3_t@@@std@@YA$$QEAU_ccd_vec3_t@@AEAU1@@Z 0000000180056cb0 f i collisioncodegen_api.obj
 0001:00055cc0       ??$forward@V?$allocator@U_ccd_vec3_t@@@std@@@std@@YA$$QEAV?$allocator@U_ccd_vec3_t@@@0@AEAV10@@Z 0000000180056cc0 f i collisioncodegen_api.obj
 0001:00055cd0       ??$forward@V?$allocator@U_idx_vec3_t@shared_robotics@@@std@@@std@@YA$$QEAV?$allocator@U_idx_vec3_t@shared_robotics@@@0@AEAV10@@Z 0000000180056cd0 f i collisioncodegen_api.obj
 0001:00055ce0       ??$forward@V?$allocator@V?$vector@_KV?$allocator@_K@std@@@std@@@std@@@std@@YA$$QEAV?$allocator@V?$vector@_KV?$allocator@_K@std@@@std@@@0@AEAV10@@Z 0000000180056ce0 f i collisioncodegen_api.obj
 0001:00055cf0       ??$max@_K@std@@YAAEB_KAEB_K0@Z 0000000180056cf0 f i collisioncodegen_api.obj
 0001:00055d40       ??$move@AEAU_ccd_vec3_t@@@std@@YA$$QEAU_ccd_vec3_t@@AEAU1@@Z 0000000180056d40 f i collisioncodegen_api.obj
 0001:00055d50       ??0?$_String_val@U?$_Simple_types@D@std@@@std@@QEAA@XZ 0000000180056d50 f i collisioncodegen_api.obj
 0001:00055d90       ??0?$_Uninitialized_backout_al@V?$allocator@U_ccd_vec3_t@@@std@@@std@@QEAA@PEAU_ccd_vec3_t@@AEAV?$allocator@U_ccd_vec3_t@@@1@@Z 0000000180056d90 f i collisioncodegen_api.obj
[...]
 0003:00011938       $SG26669                   0000000180075938     Modele_3D_sfun_registry.obj
 0003:00011948       $SG26670                   0000000180075948     Modele_3D_sfun_registry.obj
 0003:00011950       $SG26694                   0000000180075950     Modele_3D_sfun_registry.obj
 0003:000119a0       $SG26695                   00000001800759a0     Modele_3D_sfun_registry.obj
 0003:000119b0       $SG26696                   00000001800759b0     Modele_3D_sfun_registry.obj
 0003:000119b8       $SG26709                   00000001800759b8     Modele_3D_sfun_registry.obj
 0003:000119c0       $SG26708                   00000001800759c0     Modele_3D_sfun_registry.obj
 0003:00011a20       $SG26710                   0000000180075a20     Modele_3D_sfun_registry.obj
 0003:00011a28       $SG26723                   0000000180075a28     Modele_3D_sfun_registry.obj
 0003:00011a30       $SG26722                   0000000180075a30     Modele_3D_sfun_registry.obj
 0003:00011a90       $SG26724                   0000000180075a90     Modele_3D_sfun_registry.obj
 0003:00011a98       $SG27699                   0000000180075a98     Modele_3D_sfun_registry.obj
 0003:00011ab0       $SG27077                   0000000180075ab0     Modele_3D_sfun_registry.obj
 0003:00011b28       $SG27770                   0000000180075b28     Modele_3D_sfun_registry.obj
 0003:00011b30       $SG27080                   0000000180075b30     Modele_3D_sfun_registry.obj
 0003:00011ba4       $SG27771                   0000000180075ba4     Modele_3D_sfun_registry.obj
 0003:00011bb0       $SG27085                   0000000180075bb0     Modele_3D_sfun_registry.obj
 0003:00011c28       $SG27772                   0000000180075c28     Modele_3D_sfun_registry.obj
 0003:00011c30       $SG27093                   0000000180075c30     Modele_3D_sfun_registry.obj
 0003:00011ca0       $SG27368                   0000000180075ca0     Modele_3D_sfun_registry.obj
 0003:00011d18       $SG27778                   0000000180075d18     Modele_3D_sfun_registry.obj
 0003:00011d20       $SG27373                   0000000180075d20     Modele_3D_sfun_registry.obj
 0003:00011d98       $SG27781                   0000000180075d98     Modele_3D_sfun_registry.obj
 0003:00011da0       $SG27712                   0000000180075da0     Modele_3D_sfun_registry.obj
 0003:00011e18       $SG27784                   0000000180075e18     Modele_3D_sfun_registry.obj
 0003:00011e20       $SG27773                   0000000180075e20     Modele_3D_sfun_registry.obj
 0003:00011e98       $SG27790                   0000000180075e98     Modele_3D_sfun_registry.obj
 0003:00011ea0       $SG27775                   0000000180075ea0     Modele_3D_sfun_registry.obj
 0003:00011f20       $SG27785                   0000000180075f20     Modele_3D_sfun_registry.obj
 0003:00011fa0       $SG27786                   0000000180075fa0     Modele_3D_sfun_registry.obj
 0003:00011fb0       $SG27788                   0000000180075fb0     Modele_3D_sfun_registry.obj
 0003:00011fbc       $SG27792                   0000000180075fbc     Modele_3D_sfun_registry.obj
 0003:00011fc8       $SG27794                   0000000180075fc8     Modele_3D_sfun_registry.obj
 0003:00011fd8       $SG27917                   0000000180075fd8     Modele_3D_sfun_registry.obj
 0003:00012008       $SG27919                   0000000180076008     Modele_3D_sfun_registry.obj
 0003:00012010       $SG27799                   0000000180076010     Modele_3D_sfun_registry.obj
 0003:000120f8       $SG27918                   00000001800760f8     Modele_3D_sfun_registry.obj
 0003:00012108       $SG27921                   0000000180076108     Modele_3D_sfun_registry.obj
 0003:00012140       $SG27922                   0000000180076140     Modele_3D_sfun_registry.obj
 0003:00012150       $SG27923                   0000000180076150     Modele_3D_sfun_registry.obj
 0003:00012158       $SG27926                   0000000180076158     Modele_3D_sfun_registry.obj
 0003:00012190       $SG27927                   0000000180076190     Modele_3D_sfun_registry.obj
 0003:000121a0       $SG27928                   00000001800761a0     Modele_3D_sfun_registry.obj
 0003:000121a8       $SG27930                   00000001800761a8     Modele_3D_sfun_registry.obj
 0003:000121e0       $SG27931                   00000001800761e0     Modele_3D_sfun_registry.obj
 0003:000121f0       $SG27932                   00000001800761f0     Modele_3D_sfun_registry.obj
 0003:000121f8       $SG27934                   00000001800761f8     Modele_3D_sfun_registry.obj
 0003:00012230       $SG27935                   0000000180076230     Modele_3D_sfun_registry.obj
 0003:00012240       $SG27936                   0000000180076240     Modele_3D_sfun_registry.obj
 0003:00012248       $SG27939                   0000000180076248     Modele_3D_sfun_registry.obj
 0003:00012250       $SG27941                   0000000180076250     Modele_3D_sfun_registry.obj
 0003:00012268       $SG27942                   0000000180076268     Modele_3D_sfun_registry.obj
 0003:000122a0       $SG27943                   00000001800762a0     Modele_3D_sfun_registry.obj
 0003:000122b0       $SG27944                   00000001800762b0     Modele_3D_sfun_registry.obj
 0003:000122b8       $SG28114                   00000001800762b8     Modele_3D_sfun_registry.obj
 0003:000122d8       $SG28121                   00000001800762d8     Modele_3D_sfun_registry.obj
 0003:000122f0       $SG28115                   00000001800762f0     Modele_3D_sfun_registry.obj
 0003:00012380       $SG28122                   0000000180076380     Modele_3D_sfun_registry.obj
 0003:00012410       $SG28128                   0000000180076410     Modele_3D_sfun_registry.obj
 0003:00012428       $SG28147                   0000000180076428     Modele_3D_sfun_registry.obj
 0003:00012448       $SG28152                   0000000180076448     Modele_3D_sfun_registry.obj
 0003:00012470       $SG28129                   0000000180076470     Modele_3D_sfun_registry.obj
 0003:00012500       $SG28135                   0000000180076500     Modele_3D_sfun_registry.obj
 0003:00012520       $SG28136                   0000000180076520     Modele_3D_sfun_registry.obj
 0003:000125b0       $SG28142                   00000001800765b0     Modele_3D_sfun_registry.obj
 0003:000125d0       $SG28143                   00000001800765d0     Modele_3D_sfun_registry.obj
 0003:00012660       $SG28148                   0000000180076660     Modele_3D_sfun_registry.obj
 0003:000126f0       $SG28153                   00000001800766f0     Modele_3D_sfun_registry.obj
 0003:00012780       $SG28157                   0000000180076780     Modele_3D_sfun_registry.obj
 0003:000127a8       $SG28172                   00000001800767a8     Modele_3D_sfun_registry.obj
 0003:000127c0       $SG28158                   00000001800767c0     Modele_3D_sfun_registry.obj
 0003:00012850       $SG28162                   0000000180076850     Modele_3D_sfun_registry.obj
 0003:00012870       $SG28163                   0000000180076870     Modele_3D_sfun_registry.obj
 0003:00012900       $SG28167                   0000000180076900     Modele_3D_sfun_registry.obj
 0003:00012920       $SG28168                   0000000180076920     Modele_3D_sfun_registry.obj
 0003:000129b0       $SG28173                   00000001800769b0     Modele_3D_sfun_registry.obj
 0003:00012a40       $SG28177                   0000000180076a40     Modele_3D_sfun_registry.obj
 0003:00012a60       $SG28178                   0000000180076a60     Modele_3D_sfun_registry.obj
 0003:00012af0       $SG28182                   0000000180076af0     Modele_3D_sfun_registry.obj
 0003:00012b10       $SG28183                   0000000180076b10     Modele_3D_sfun_registry.obj
 0003:00012ba0       $SG28187                   0000000180076ba0     Modele_3D_sfun_registry.obj
 0003:00012bc0       $SG28188                   0000000180076bc0     Modele_3D_sfun_registry.obj
 0003:00012c50       $SG28192                   0000000180076c50     Modele_3D_sfun_registry.obj
 0003:00012c70       $SG28193                   0000000180076c70     Modele_3D_sfun_registry.obj
 0003:00012d00       $SG28197                   0000000180076d00     Modele_3D_sfun_registry.obj
 0003:00012d20       $SG28198                   0000000180076d20     Modele_3D_sfun_registry.obj
 0003:00012db0       $SG28202                   0000000180076db0     Modele_3D_sfun_registry.obj
 0003:00012dd0       $SG28203                   0000000180076dd0     Modele_3D_sfun_registry.obj
 0003:00012e60       $SG28208                   0000000180076e60     Modele_3D_sfun_registry.obj
 0003:00012e78       $SG28219                   0000000180076e78     Modele_3D_sfun_registry.obj
 0003:00012e90       $SG28209                   0000000180076e90     Modele_3D_sfun_registry.obj
 0003:00012f20       $SG28215                   0000000180076f20     Modele_3D_sfun_registry.obj
 0003:00012fb0       $SG28220                   0000000180076fb0     Modele_3D_sfun_registry.obj
 0003:00013040       $SG28224                   0000000180077040     Modele_3D_sfun_registry.obj
 0003:00013050       $SG28225                   0000000180077050     Modele_3D_sfun_registry.obj
 0003:000130e0       $SG28229                   00000001800770e0     Modele_3D_sfun_registry.obj
 0003:00013100       $SG28230                   0000000180077100     Modele_3D_sfun_registry.obj
 0003:00013190       $SG28234                   0000000180077190     Modele_3D_sfun_registry.obj
 0003:000131b0       $SG28235                   00000001800771b0     Modele_3D_sfun_registry.obj
 0003:00013240       $SG28239                   0000000180077240     Modele_3D_sfun_registry.obj
 0003:00013250       $SG28240                   0000000180077250     Modele_3D_sfun_registry.obj
 0003:000132e0       $SG28244                   00000001800772e0     Modele_3D_sfun_registry.obj
 0003:000132f0       $SG28245                   00000001800772f0     Modele_3D_sfun_registry.obj
 0003:00013380       $SG28249                   0000000180077380     Modele_3D_sfun_registry.obj
 0003:00013398       $SG28254                   0000000180077398     Modele_3D_sfun_registry.obj
 0003:000133b0       $SG28250                   00000001800773b0     Modele_3D_sfun_registry.obj
 0003:00013440       $SG28255                   0000000180077440     Modele_3D_sfun_registry.obj
 0003:000134d0       $SG28259                   00000001800774d0     Modele_3D_sfun_registry.obj
 0003:000134e0       $SG28260                   00000001800774e0     Modele_3D_sfun_registry.obj
 0003:00013570       $SG28268                   0000000180077570     Modele_3D_sfun_registry.obj
 0003:00013580       $SG28269                   0000000180077580     Modele_3D_sfun_registry.obj
 0003:00013610       $SG28275                   0000000180077610     Modele_3D_sfun_registry.obj
 0003:00013620       $SG28276                   0000000180077620     Modele_3D_sfun_registry.obj
 0003:000136b0       $SG28280                   00000001800776b0     Modele_3D_sfun_registry.obj
 0003:000136c0       $SG28281                   00000001800776c0     Modele_3D_sfun_registry.obj
 0003:00013750       $SG28286                   0000000180077750     Modele_3D_sfun_registry.obj
 0003:00013760       $SG28287                   0000000180077760     Modele_3D_sfun_registry.obj
 0003:000137f0       $SG28291                   00000001800777f0     Modele_3D_sfun_registry.obj
 0003:00013868       $SG28334                   0000000180077868     Modele_3D_sfun_registry.obj
 0003:00013878       $SG28415                   0000000180077878     Modele_3D_sfun_registry.obj
 0003:00013880       $SG28321                   0000000180077880     Modele_3D_sfun_registry.obj
 0003:00013998       $SG28345                   0000000180077998     Modele_3D_sfun_registry.obj
 0003:000139a8       $SG28358                   00000001800779a8     Modele_3D_sfun_registry.obj
 0003:000139b8       $SG28369                   00000001800779b8     Modele_3D_sfun_registry.obj
 0003:000139c8       $SG28382                   00000001800779c8     Modele_3D_sfun_registry.obj
 0003:000139d8       $SG28393                   00000001800779d8     Modele_3D_sfun_registry.obj
 0003:000139e8       $SG28403                   00000001800779e8     Modele_3D_sfun_registry.obj
 0003:00013a08       $SG28414                   0000000180077a08     Modele_3D_sfun_registry.obj
 0003:00013a38       $SG28416                   0000000180077a38     Modele_3D_sfun_registry.obj
 0003:00013a40       $SG28427                   0000000180077a40     Modele_3D_sfun_registry.obj
 0003:00013a78       $SG28428                   0000000180077a78     Modele_3D_sfun_registry.obj
 0003:00013a80       $SG28429                   0000000180077a80     Modele_3D_sfun_registry.obj
 0003:00013a88       $SG13285                   0000000180077a88     ccd_polytope.obj
 0003:00013a8c       $SG13335                   0000000180077a8c     ccd_polytope.obj
 0003:00013a98       $SG13336                   0000000180077a98     ccd_polytope.obj
 0003:00013aa4       $SG13339                   0000000180077aa4     ccd_polytope.obj
 0003:00013ab0       $SG13337                   0000000180077ab0     ccd_polytope.obj
 0003:00013ac0       $SG13338                   0000000180077ac0     ccd_polytope.obj
 0003:00013ac8       $SG13340                   0000000180077ac8     ccd_polytope.obj
 0003:00013ad0       $SG13343                   0000000180077ad0     ccd_polytope.obj
 0003:00013b00       points_on_sphere           0000000180077b00     ccd_vec3.obj
 0003:00014010       sRtwOptimizationInfoStruct 0000000180078010     Modele_3D_sfun.obj
 0003:00014018       sOptimizationInfoFlags     0000000180078018     Modele_3D_sfun.obj
 0003:00014020       $SG27011                   0000000180078020     c2_Modele_3D.obj
 0003:00014021       $SG27021                   0000000180078021     c2_Modele_3D.obj
 0003:00014022       $SG27037                   0000000180078022     c2_Modele_3D.obj
 0003:00014023       $SG27044                   0000000180078023     c2_Modele_3D.obj
 0003:00014024       $SG27054                   0000000180078024     c2_Modele_3D.obj
 0003:00014025       $SG27064                   0000000180078025     c2_Modele_3D.obj
 0003:00014026       $SG27071                   0000000180078026     c2_Modele_3D.obj
 0003:00014027       $SG27084                   0000000180078027     c2_Modele_3D.obj
 0003:00014028       $SG27091                   0000000180078028     c2_Modele_3D.obj
 0003:00014029       $SG27098                   0000000180078029     c2_Modele_3D.obj
 0003:0001402a       $SG27105                   000000018007802a     c2_Modele_3D.obj
 0003:0001402b       $SG27115                   000000018007802b     c2_Modele_3D.obj
 0003:0001402c       $SG27125                   000000018007802c     c2_Modele_3D.obj
 0003:0001402d       $SG27135                   000000018007802d     c2_Modele_3D.obj
 0003:0001402e       $SG27142                   000000018007802e     c2_Modele_3D.obj
 0003:0001402f       $SG27149                   000000018007802f     c2_Modele_3D.obj
 0003:00014030       $SG27156                   0000000180078030     c2_Modele_3D.obj
 0003:00014031       $SG27160                   0000000180078031     c2_Modele_3D.obj
 0003:00014032       $SG27167                   0000000180078032     c2_Modele_3D.obj
 0003:00014033       $SG27171                   0000000180078033     c2_Modele_3D.obj
 0003:00014034       $SG27175                   0000000180078034     c2_Modele_3D.obj
 0003:00014035       $SG27185                   0000000180078035     c2_Modele_3D.obj
 0003:00014036       $SG27192                   0000000180078036     c2_Modele_3D.obj
 0003:00014037       $SG27196                   0000000180078037     c2_Modele_3D.obj
 0003:00014038       $SG27203                   0000000180078038     c2_Modele_3D.obj
 0003:00014039       $SG27210                   0000000180078039     c2_Modele_3D.obj
 0003:0001403a       $SG27226                   000000018007803a     c2_Modele_3D.obj
 0003:0001403b       $SG27233                   000000018007803b     c2_Modele_3D.obj
 0003:0001403c       $SG27237                   000000018007803c     c2_Modele_3D.obj
 0003:0001403d       $SG27241                   000000018007803d     c2_Modele_3D.obj
 0003:0001403e       $SG27248                   000000018007803e     c2_Modele_3D.obj
 0003:0001403f       $SG27252                   000000018007803f     c2_Modele_3D.obj
 0003:00014040       $SG27259                   0000000180078040     c2_Modele_3D.obj
 0003:00014041       $SG27266                   0000000180078041     c2_Modele_3D.obj
 0003:00014042       $SG27279                   0000000180078042     c2_Modele_3D.obj
 0003:00014043       $SG27283                   0000000180078043     c2_Modele_3D.obj
 0003:00014044       $SG27293                   0000000180078044     c2_Modele_3D.obj
 0003:00014045       $SG27300                   0000000180078045     c2_Modele_3D.obj
 0003:00014046       $SG27307                   0000000180078046     c2_Modele_3D.obj
 0003:00014047       $SG27311                   0000000180078047     c2_Modele_3D.obj
 0003:00014048       $SG27315                   0000000180078048     c2_Modele_3D.obj
 0003:00014049       $SG27319                   0000000180078049     c2_Modele_3D.obj
 0003:0001404a       $SG27323                   000000018007804a     c2_Modele_3D.obj
 0003:0001404b       $SG27327                   000000018007804b     c2_Modele_3D.obj
 0003:0001404c       $SG27331                   000000018007804c     c2_Modele_3D.obj
 0003:0001404d       $SG27341                   000000018007804d     c2_Modele_3D.obj
 0003:0001404e       $SG27345                   000000018007804e     c2_Modele_3D.obj
 0003:0001404f       $SG27349                   000000018007804f     c2_Modele_3D.obj
 0003:00014050       $SG27353                   0000000180078050     c2_Modele_3D.obj
 0003:00014051       $SG27357                   0000000180078051     c2_Modele_3D.obj
 0003:00014052       $SG28391                   0000000180078052     c2_Modele_3D.obj
 0003:00014053       $SG39151                   0000000180078053     c2_Modele_3D.obj
 0003:00014054       $SG39152                   0000000180078054     c2_Modele_3D.obj
 0003:00014055       $SG39301                   0000000180078055     c2_Modele_3D.obj
 0003:00014058       _sfTime_                   0000000180078058     c2_Modele_3D.obj
 0003:00014060       ?c2_r1@?1??c2_CollisionSet_CollisionSet@@9@9 0000000180078060     c2_Modele_3D.obj
 0003:00014068       ?c2_r@?1??c2_rigidBodyTree_homeConfiguration@@9@9 0000000180078068     c2_Modele_3D.obj
 0003:00014070       ?newstr@?1??sf_c2_Modele_3D_get_post_codegen_info@@9@9 0000000180078070     c2_Modele_3D.obj
 0003:0001476c       sfGlobalMdlStartCallCounts 000000018007876c     Modele_3D_sfun_registry.obj
 0003:00014770       $SG27766                   0000000180078770     Modele_3D_sfun_registry.obj
 0003:00014772       ?warningGuard@?1??ssGetRootSS@@9@9 0000000180078772     Modele_3D_sfun_registry.obj
 0003:00014773       ?warningGuard@?1??ssGetParentSS@@9@9 0000000180078773     Modele_3D_sfun_registry.obj
 0003:00014778       __ccd_vec3_origin          0000000180078778     ccd_vec3.obj
 0003:00014790       GS_ExceptionRecord         0000000180078790     MSVCRT:gs_report.obj
 0003:00014830       GS_ContextRecord           0000000180078830     MSVCRT:gs_report.obj
 0003:00014d00       ?__proc_attached@@3HA      0000000180078d00     MSVCRT:dll_dllmain.obj
 0003:00014d40       ?is_initialized_as_dll@@3_NA 0000000180078d40     MSVCRT:utility.obj
 0003:00014d41       ?module_local_atexit_table_initialized@@3_NA 0000000180078d41     MSVCRT:utility.obj
 0003:00014d48       ?module_local_atexit_table@@3U_onexit_table_t@@A 0000000180078d48     MSVCRT:utility.obj
 0003:00014d60       ?module_local_at_quick_exit_table@@3U_onexit_table_t@@A 0000000180078d60     MSVCRT:utility.obj
